D/dalvikvm( 2049): VFY: replacing opcode 0x1f at 0x000a
D/dalvikvm( 2049): GC_FOR_ALLOC freed 761K, 24% free 5656K/7440K, paused 9ms, total 9ms
I/ProcessCheckinRequest( 2049): Setting cookie as: NID=127=Ax_IbSFvzooTld0yB_WR3UILI-Xt-EBPuSG_KU6pVZm6Yo2wJ5rADck8-onfjrbGQH1IcifLw7fz1AmUHsjIoRlkQy72Mgng1N6RVCB2LUIwZPN9BCAJk_HFk56EtDlG
W/ConfigurationChimeraPro( 1704): Got null configs for com.google.android.gms.notifications -- metadata{ service_id: 51 }
W/Conscrypt( 2049): Could not set socket write timeout: java.lang.reflect.InvocationTargetException
E/DeviceContactImportDelegate( 2049): Device contact import is disabled.
W/Conscrypt( 2049): 	at java.lang.reflect.Method.invokeNative(Native Method)
W/Conscrypt( 2049): 	at java.lang.reflect.Method.invoke(Method.java:515)
W/Conscrypt( 2049): Caused by: libcore.io.ErrnoException: setsockopt failed: EBADF (Bad file number)
W/Conscrypt( 2049): 	at libcore.io.Posix.setsockoptTimeval(Native Method)
W/Conscrypt( 2049): 	at libcore.io.ForwardingOs.setsockoptTimeval(ForwardingOs.java:126)
E/DeviceContactImportDelegate( 2049): Data layer device contacts import is disabled.
E/DeviceContactImportDelegate( 2049): Device contact import is disabled.
W/Conscrypt( 2049): Could not set socket write timeout: java.lang.reflect.InvocationTargetException
W/Conscrypt( 2049): 	at java.lang.reflect.Method.invokeNative(Native Method)
W/Conscrypt( 2049): 	at java.lang.reflect.Method.invoke(Method.java:515)
W/Conscrypt( 2049): Caused by: libcore.io.ErrnoException: setsockopt failed: EBADF (Bad file number)
W/Conscrypt( 2049): 	at libcore.io.Posix.setsockoptTimeval(Native Method)
W/Conscrypt( 2049): 	at libcore.io.ForwardingOs.setsockoptTimeval(ForwardingOs.java:126)
E/DeviceContactImportDelegate( 2049): Data layer device contacts import is disabled.
E/DeviceContactImportDelegate( 2049): Device contact import is disabled.
E/DeviceContactImportDelegate( 2049): Data layer device contacts import is disabled.
E/IndexManagementDelegate( 2049): Rebuild index is disabled.
I/ActivityManager( 1578): Delaying start of: ServiceRecord{afefb928 u0 com.google.android.gms/.chimera.UiIntentOperationService}
I/dalvikvm( 2049): Could not find method android.content.pm.PackageManager.isInstantApp, referenced from method kwd.a
W/dalvikvm( 2049): VFY: unable to resolve virtual method 2510: Landroid/content/pm/PackageManager;.isInstantApp ()Z
D/dalvikvm( 2049): VFY: replacing opcode 0x6e at 0x0028
I/FA-SVC  ( 2049): App measurement is starting up, version: 12221
D/dalvikvm( 1704): GC_FOR_ALLOC freed 840K, 15% free 5696K/6700K, paused 15ms, total 15ms
I/FA-SVC  ( 2049): This instance being marked as an uploader
D/dalvikvm( 2049): GC_FOR_ALLOC freed 854K, 23% free 5802K/7440K, paused 8ms, total 8ms
I/dalvikvm( 2049): Could not find method android.os.UserManager.isSystemUser, referenced from method adaf.g
W/dalvikvm( 2049): VFY: unable to resolve virtual method 21340: Landroid/os/UserManager;.isSystemUser ()Z
D/dalvikvm( 2049): VFY: replacing opcode 0x6e at 0x0015
D/dalvikvm( 1819): GC_EXPLICIT freed 133K, 35% free 4086K/6212K, paused 1ms+1ms, total 10ms
W/ConfigurationChimeraPro( 1704): Got null configs for com.google.android.gms.mdm -- metadata{ service_id: 51 }
V/SmartDevice( 2049): [service,SmartDeviceIntentHandlers] OnUpgradeOrBootOperation got intent: Intent { act=android.intent.action.BOOT_COMPLETED flg=0x8000010 cmp=com.google.android.gms/.chimera.GmsIntentOperationService (has extras) } with flag 3
I/Ads     ( 2049): Parental control value is stale. Refreshing.
W/Ads     ( 2049): Play store is not installed or the service for parental controls is not available.
I/CmaSystemUpdateService( 2049): Runtime init receiver: Intent { act=android.intent.action.BOOT_COMPLETED flg=0x8000010 cmp=com.google.android.gms/.chimera.GmsIntentOperationService (has extras) } with flags: 3
W/dalvikvm( 2049): VFY: unable to find class referenced in signature (Landroid/os/UpdateEngineCallback;)
I/CmaSystemUpdateService( 2049): receiver: Intent { act=android.intent.action.BOOT_COMPLETED flg=0x8000010 cmp=com.google.android.gms/.chimera.GmsIntentOperationService (has extras) }
I/ProcessCheckinRequest( 2049): updateCheckinIdTokenFileFromResponse, Reading existing AID
E/dalvikvm( 1704): Could not find class 'android.telecom.TelecomManager', referenced from method com.google.android.gms.wearable.service.WearableChimeraService.a
W/dalvikvm( 1704): VFY: unable to resolve check-cast 4466 (Landroid/telecom/TelecomManager;) in Lcom/google/android/gms/wearable/service/WearableChimeraService;
D/dalvikvm( 1704): VFY: replacing opcode 0x1f at 0x0097
W/dalvikvm( 1704): VFY: unable to find class referenced in signature (Landroid/telecom/TelecomManager;)
I/CheckinRequestBuilder( 2049): Checkin reason type: 1 attempt count: 1
W/dalvikvm( 1704): VFY: unable to find class referenced in signature (Landroid/app/usage/UsageStatsManager;)
I/Ads     ( 2049): Initialized AdMob in container 12.2.21 (030-188803320)
I/dalvikvm( 2049): Could not find method android.os.UserManager.getUserProfiles, referenced from method com.google.android.gms.wearable.service.WearableController.a
W/dalvikvm( 2049): VFY: unable to resolve virtual method 18725: Landroid/os/UserManager;.getUserProfiles ()Ljava/util/List;
D/dalvikvm( 2049): VFY: replacing opcode 0x6e at 0x006a
W/dalvikvm( 1704): VFY: unable to find class referenced in signature (Landroid/app/usage/UsageStatsManager;)
E/dalvikvm( 1704): Could not find class 'android.app.usage.UsageStatsManager', referenced from method com.google.android.gms.wearable.service.WearableChimeraService.onCreate
W/dalvikvm( 1704): VFY: unable to resolve check-cast 4150 (Landroid/app/usage/UsageStatsManager;) in Lcom/google/android/gms/wearable/service/WearableChimeraService;
D/dalvikvm( 1704): VFY: replacing opcode 0x1f at 0x0189
D/ConnectivityService( 1578): handleInetConditionHoldEnd: net=0, condition=100, published condition=0
I/dalvikvm( 1704): Could not find method android.os.UserManager.getUserProfiles, referenced from method com.google.android.gms.wearable.service.WearableController.a
W/dalvikvm( 1704): VFY: unable to resolve virtual method 18725: Landroid/os/UserManager;.getUserProfiles ()Ljava/util/List;
D/dalvikvm( 1704): VFY: replacing opcode 0x6e at 0x006a
D/dalvikvm( 2049): DexOpt: couldn't find static field Landroid/os/Build;.SUPPORTED_ABIS
W/dalvikvm( 2049): VFY: unable to resolve static field 10600 (SUPPORTED_ABIS) in Landroid/os/Build;
D/dalvikvm( 2049): VFY: replacing opcode 0x62 at 0x0006
I/Vision  ( 2049): Supported ABIS: [x86]
I/dalvikvm( 1704): Could not find method android.app.KeyguardManager.isDeviceSecure, referenced from method afon.b
W/dalvikvm( 1704): VFY: unable to resolve virtual method 19863: Landroid/app/KeyguardManager;.isDeviceSecure ()Z
D/dalvikvm( 1704): VFY: replacing opcode 0x6e at 0x0012
E/dalvikvm( 2049): Could not find class 'android.content.RestrictionsManager', referenced from method aoxs.a
W/dalvikvm( 2049): VFY: unable to resolve check-cast 4202 (Landroid/content/RestrictionsManager;) in Laoxs;
D/dalvikvm( 2049): VFY: replacing opcode 0x1f at 0x000d
I/CmaSystemUpdateService( 2049): connectivity change: Intent { act=android.net.conn.CONNECTIVITY_CHANGE flg=0x4000010 (has extras) }
I/CmaSystemUpdateService( 2049): receiver: Intent { act=android.net.conn.CONNECTIVITY_CHANGE flg=0x4000010 (has extras) }
D/dalvikvm( 1704): GC_FOR_ALLOC freed 908K, 16% free 5800K/6872K, paused 13ms, total 13ms
I/WearableService( 1704): Wearable Services not starting - Wear is not available on this device.
D/dalvikvm( 2049): GC_FOR_ALLOC freed 868K, 20% free 5982K/7440K, paused 20ms, total 20ms
W/WearableService( 1704): onGetService - Wear is not available on this device.
D/dalvikvm( 1578): GC_FOR_ALLOC freed 1066K, 20% free 7298K/9040K, paused 16ms, total 16ms
E/MDM     ( 2049): [155] vwx.a: Couldn't connect to Google API client: jiy{statusCode=API_UNAVAILABLE, resolution=null, message=null}
I/dalvikvm( 2049): Could not find method android.telephony.CellIdentityLte.getEarfcn, referenced from method sks.a
I/Wear_Controller( 2049): onStartup - Wear is not available on this device.
W/dalvikvm( 2049): VFY: unable to resolve virtual method 21483: Landroid/telephony/CellIdentityLte;.getEarfcn ()I
D/dalvikvm( 2049): VFY: replacing opcode 0x6e at 0x0031
I/dalvikvm( 2049): Could not find method android.telephony.TelephonyManager.getImei, referenced from method sks.b
W/dalvikvm( 2049): VFY: unable to resolve virtual method 21552: Landroid/telephony/TelephonyManager;.getImei ()Ljava/lang/String;
D/dalvikvm( 2049): VFY: replacing opcode 0x6e at 0x0018
I/dalvikvm( 2049): Could not find method android.net.ConnectivityManager.getAllNetworks, referenced from method sks.d
I/PaymentBundleManager( 1704): Maintaining payment bundles
I/CheckinUtil( 2049): Classify the device as Phone.
I/PaymentBundleManager( 1704): Finished maintaining payment bundles
E/dalvikvm( 1704): Could not find class 'android.hardware.fingerprint.FingerprintManager', referenced from method aghh.a
W/dalvikvm( 1704): VFY: unable to resolve const-class 5265 (Landroid/hardware/fingerprint/FingerprintManager;) in Laghh;
D/dalvikvm( 1704): VFY: replacing opcode 0x1c at 0x012f
I/dalvikvm( 1704): Could not find method android.hardware.fingerprint.FingerprintManager.isHardwareDetected, referenced from method aghh.a
W/dalvikvm( 1704): VFY: unable to resolve virtual method 20770: Landroid/hardware/fingerprint/FingerprintManager;.isHardwareDetected ()Z
D/dalvikvm( 1704): VFY: replacing opcode 0x6e at 0x0139
W/dalvikvm( 2049): VFY: unable to resolve virtual method 20849: Landroid/net/ConnectivityManager;.getAllNetworks ()[Landroid/net/Network;
D/dalvikvm( 2049): VFY: replacing opcode 0x6e at 0x0059
I/GCoreUlr( 1704): Starting service, intent=Intent { act=com.google.android.location.reporting.ACTION_UPDATE_WORLD cmp=com.google.android.gms/com.google.android.location.reporting.service.DispatchingService (has extras) }, extras=Bundle[{receiverAction=com.google.android.gms.location.init.INIT_ACTION, is_boot=true}]
E/dalvikvm( 1704): Could not find class 'android.hardware.location.ContextHubManager', referenced from method aobv.b
W/dalvikvm( 1704): VFY: unable to resolve check-cast 4311 (Landroid/hardware/location/ContextHubManager;) in Laobv;
D/dalvikvm( 1704): VFY: replacing opcode 0x1f at 0x0013
E/ProcessCheckinRequest( 2049): CheckinNowTaskTag : Checkin Succeeded: https://android.clients.google.com/checkin (request #1): 
E/BluetoothAdapter( 1704): Bluetooth binder is null
D/dalvikvm( 1704): GC_FOR_ALLOC freed 960K, 17% free 5888K/7012K, paused 9ms, total 9ms
I/Vision  ( 2049): Engine already satisfied by existing download for ocr
I/GCoreUlr( 1704): WorldUpdater received intent Intent { act=com.google.android.location.reporting.ACTION_UPDATE_WORLD cmp=com.google.android.gms/com.google.android.location.reporting.service.DispatchingService (has extras) } with receiverAction com.google.android.gms.location.init.INIT_ACTION
W/Herrevad( 2049): [74] sks.c: Looking up Wifi info on a non-wifi device
I/dalvikvm( 2049): Could not find method android.location.Location.hasVerticalAccuracy, referenced from method skn.a
W/dalvikvm( 2049): VFY: unable to resolve virtual method 20789: Landroid/location/Location;.hasVerticalAccuracy ()Z
D/dalvikvm( 2049): VFY: replacing opcode 0x6e at 0x009a
I/GCoreUlr( 1704): WorldUpdater:com.google.android.gms.location.init.INIT_ACTION: Ensuring that reporting is stopped because of reasons: (no Google accounts)
I/GCoreUlr( 1704): Unbound from all location providers
D/dalvikvm( 1704): GC_FOR_ALLOC freed 1054K, 18% free 5902K/7128K, paused 11ms, total 11ms
I/GCoreUlr( 1704): Stopping handler for UlrDispSvcFast
I/GCoreUlr( 1704): Unbound from all location providers
I/CheckinCompat( 2049): Done disabling old GoogleServicesFramework version
I/WearableService( 1704): Wearable Services stopping
I/ActivityManager( 1578): Start proc com.google.android.gms.ui for service com.google.android.gms/.chimera.UiIntentOperationService: pid=2384 uid=10007 gids={50007, 3003, 1007, 1028, 1015, 3002, 3001, 3007, 2001, 3006}
W/dalvikvm( 2384): VFY: unable to resolve static field 1177 (PR_SET_DUMPABLE) in Landroid/system/OsConstants;
D/dalvikvm( 2384): VFY: replacing opcode 0x60 at 0x000e
I/dalvikvm( 2384): Could not find method android.content.Context.getSystemService, referenced from method sp.a
W/dalvikvm( 2384): VFY: unable to resolve virtual method 2387: Landroid/content/Context;.getSystemService (Ljava/lang/Class;)Ljava/lang/Object;
D/dalvikvm( 2384): VFY: replacing opcode 0x6e at 0x0008
I/dalvikvm( 2384): Could not find method android.content.Context.createDeviceProtectedStorageContext, referenced from method jvu.a
W/dalvikvm( 2384): VFY: unable to resolve virtual method 2362: Landroid/content/Context;.createDeviceProtectedStorageContext ()Landroid/content/Context;
D/dalvikvm( 2384): VFY: replacing opcode 0x6e at 0x0029
I/dalvikvm( 2384): Could not find method android.content.Context.getSystemService, referenced from method jvu.b
W/dalvikvm( 2384): VFY: unable to resolve virtual method 2387: Landroid/content/Context;.getSystemService (Ljava/lang/Class;)Ljava/lang/Object;
D/dalvikvm( 2384): VFY: replacing opcode 0x6e at 0x000b
W/dalvikvm( 2384): VFY: unable to find class referenced in signature (Lamgd;)
W/dalvikvm( 2384): VFY: unable to find class referenced in signature (Lamgd;)
I/dalvikvm( 2384): Could not find method android.content.Context.isDeviceProtectedStorage, referenced from method amfs.a
W/dalvikvm( 2384): VFY: unable to resolve virtual method 2392: Landroid/content/Context;.isDeviceProtectedStorage ()Z
D/dalvikvm( 2384): VFY: replacing opcode 0x6e at 0x0009
I/dalvikvm( 2384): Could not find method android.content.Context.isDeviceProtectedStorage, referenced from method amfs.b
W/dalvikvm( 2384): VFY: unable to resolve virtual method 2392: Landroid/content/Context;.isDeviceProtectedStorage ()Z
D/dalvikvm( 2384): VFY: replacing opcode 0x6e at 0x005d
W/dalvikvm( 2384): VFY: unable to find class referenced in signature (Laanf;)
W/dalvikvm( 2384): VFY: unable to find class referenced in signature (Laanf;)
I/dalvikvm( 2384): Could not find method android.content.Context.isDeviceProtectedStorage, referenced from method aamt.a
W/dalvikvm( 2384): VFY: unable to resolve virtual method 2392: Landroid/content/Context;.isDeviceProtectedStorage ()Z
D/dalvikvm( 2384): VFY: replacing opcode 0x6e at 0x000c
I/dalvikvm( 2384): Could not find method android.content.Context.isDeviceProtectedStorage, referenced from method aamt.c
W/dalvikvm( 2384): VFY: unable to resolve virtual method 2392: Landroid/content/Context;.isDeviceProtectedStorage ()Z
D/dalvikvm( 2384): VFY: replacing opcode 0x6e at 0x003d
I/dalvikvm( 2384): Could not find method android.os.PowerManager.isInteractive, referenced from method jsu.a
W/dalvikvm( 2384): VFY: unable to resolve virtual method 2975: Landroid/os/PowerManager;.isInteractive ()Z
D/dalvikvm( 2384): VFY: replacing opcode 0x6e at 0x0012
I/dalvikvm( 2384): Could not find method android.content.ContextWrapper.createCredentialProtectedStorageContext, referenced from method com.google.android.chimera.ModuleContext.createCredentialProtectedStorageContext
W/dalvikvm( 2384): VFY: unable to resolve virtual method 2411: Landroid/content/ContextWrapper;.createCredentialProtectedStorageContext ()Landroid/content/Context;
D/dalvikvm( 2384): VFY: replacing opcode 0x6f at 0x0002
I/dalvikvm( 2384): Could not find method android.content.ContextWrapper.createDeviceProtectedStorageContext, referenced from method com.google.android.chimera.ModuleContext.createDeviceProtectedStorageContext
W/dalvikvm( 2384): VFY: unable to resolve virtual method 2412: Landroid/content/ContextWrapper;.createDeviceProtectedStorageContext ()Landroid/content/Context;
D/dalvikvm( 2384): VFY: replacing opcode 0x6f at 0x0002
I/dalvikvm( 2384): Could not find method android.content.Context.isCredentialProtectedStorage, referenced from method cub.a
W/dalvikvm( 2384): VFY: unable to resolve virtual method 2391: Landroid/content/Context;.isCredentialProtectedStorage ()Z
D/dalvikvm( 2384): VFY: replacing opcode 0x6e at 0x0000
I/dalvikvm( 2384): Could not find method android.os.UserManager.isUserUnlocked, referenced from method cub.a
W/dalvikvm( 2384): VFY: unable to resolve virtual method 3028: Landroid/os/UserManager;.isUserUnlocked ()Z
D/dalvikvm( 2384): VFY: replacing opcode 0x6e at 0x001a
I/dalvikvm( 2384): Could not find method android.content.Context.isDeviceProtectedStorage, referenced from method cub.b
W/dalvikvm( 2384): VFY: unable to resolve virtual method 2392: Landroid/content/Context;.isDeviceProtectedStorage ()Z
D/dalvikvm( 2384): VFY: replacing opcode 0x6e at 0x0000
I/dalvikvm( 2384): Could not find method android.content.Context.isDeviceProtectedStorage, referenced from method cub.c
W/dalvikvm( 2384): VFY: unable to resolve virtual method 2392: Landroid/content/Context;.isDeviceProtectedStorage ()Z
D/dalvikvm( 2384): VFY: replacing opcode 0x6e at 0x0000
I/MultiDex( 2384): VM with version 1.6.0 does not have multidex support
I/MultiDex( 2384): install
I/MultiDex( 2384): MultiDexExtractor.load(/system/priv-app/PrebuiltGmsCore.apk, false)
I/MultiDex( 2384): Blocking on lock /data/data/com.google.android.gms/code_cache/secondary-dexes/MultiDex.lock
I/MultiDex( 2384): /data/data/com.google.android.gms/code_cache/secondary-dexes/MultiDex.lock locked
I/MultiDex( 2384): loading existing secondary dex files
I/MultiDex( 2384): load found 4 secondary dex files
I/MultiDex( 2384): install done
I/dalvikvm( 2384): Could not find method android.content.Context.isDeviceProtectedStorage, referenced from method kqa.d
W/dalvikvm( 2384): VFY: unable to resolve virtual method 2392: Landroid/content/Context;.isDeviceProtectedStorage ()Z
D/dalvikvm( 2384): VFY: replacing opcode 0x6e at 0x0006
I/dalvikvm( 2384): Could not find method android.os.UserHandle.isOwner, referenced from method kqa.i
W/dalvikvm( 2384): VFY: unable to resolve virtual method 3021: Landroid/os/UserHandle;.isOwner ()Z
D/dalvikvm( 2384): VFY: replacing opcode 0x6e at 0x000a
I/dalvikvm( 2384): Could not find method android.content.pm.PackageManager.isInstantApp, referenced from method kwe.a
W/dalvikvm( 2384): VFY: unable to resolve virtual method 2511: Landroid/content/pm/PackageManager;.isInstantApp (Ljava/lang/String;)Z
D/dalvikvm( 2384): VFY: replacing opcode 0x6e at 0x002d
I/dalvikvm( 2384): Could not find method android.content.ContextWrapper.createCredentialProtectedStorageContext, referenced from method khq.createCredentialProtectedStorageContext
W/dalvikvm( 2384): VFY: unable to resolve virtual method 2411: Landroid/content/ContextWrapper;.createCredentialProtectedStorageContext ()Landroid/content/Context;
D/dalvikvm( 2384): VFY: replacing opcode 0x6f at 0x0002
I/dalvikvm( 2384): Could not find method android.content.ContextWrapper.createDeviceProtectedStorageContext, referenced from method khq.createDeviceProtectedStorageContext
W/dalvikvm( 2384): VFY: unable to resolve virtual method 2412: Landroid/content/ContextWrapper;.createDeviceProtectedStorageContext ()Landroid/content/Context;
D/dalvikvm( 2384): VFY: replacing opcode 0x6f at 0x0002
D/dalvikvm( 2384): DexOpt: couldn't find static field Landroid/os/Build;.SUPPORTED_ABIS
W/dalvikvm( 2384): VFY: unable to resolve static field 1158 (SUPPORTED_ABIS) in Landroid/os/Build;
D/dalvikvm( 2384): VFY: replacing opcode 0x62 at 0x0008
D/dalvikvm( 2384): DexOpt: couldn't find static field Landroid/os/Build;.SUPPORTED_ABIS
W/dalvikvm( 2384): VFY: unable to resolve static field 1158 (SUPPORTED_ABIS) in Landroid/os/Build;
D/dalvikvm( 2384): VFY: replacing opcode 0x62 at 0x0097
D/dalvikvm( 2384): DexOpt: couldn't find field Landroid/content/pm/ApplicationInfo;.splitSourceDirs
W/dalvikvm( 2384): VFY: unable to resolve instance field 1089
D/dalvikvm( 2384): VFY: replacing opcode 0x54 at 0x0053
I/dalvikvm( 2384): Could not find method android.system.Os.stat, referenced from method kro.a
W/dalvikvm( 2384): VFY: unable to resolve static method 3048: Landroid/system/Os;.stat (Ljava/lang/String;)Landroid/system/StructStat;
D/dalvikvm( 2384): VFY: replacing opcode 0x71 at 0x0041
I/dalvikvm( 2384): Could not find method android.app.AppOpsManager.permissionToOp, referenced from method qo.a
W/dalvikvm( 2384): VFY: unable to resolve static method 2144: Landroid/app/AppOpsManager;.permissionToOp (Ljava/lang/String;)Ljava/lang/String;
D/dalvikvm( 2384): VFY: replacing opcode 0x71 at 0x000f
I/dalvikvm( 2384): Could not find method android.content.Context.getSystemService, referenced from method qo.a
W/dalvikvm( 2384): VFY: unable to resolve virtual method 2387: Landroid/content/Context;.getSystemService (Ljava/lang/Class;)Ljava/lang/Object;
D/dalvikvm( 2384): VFY: replacing opcode 0x6e at 0x0030
D/dalvikvm( 2384): GC_FOR_ALLOC freed 390K, 15% free 2844K/3340K, paused 4ms, total 4ms
D/dalvikvm( 2384): No JNI_OnLoad found in /system/lib/libgmscore.so 0xafb17e50, skipping init
V/NativeCrypto( 2384): Registering com/google/android/gms/org/conscrypt/NativeCrypto's 279 native methods...
E/dalvikvm( 2384): Could not find class 'javax.net.ssl.SNIServerName', referenced from method com.google.android.gms.org.conscrypt.Platform.getSniHostnameFromParams
W/dalvikvm( 2384): VFY: unable to resolve check-cast 2477 (Ljavax/net/ssl/SNIServerName;) in Lcom/google/android/gms/org/conscrypt/Platform;
D/dalvikvm( 2384): VFY: replacing opcode 0x1f at 0x0025
E/dalvikvm( 2384): Could not find class 'javax.net.ssl.SNIHostName', referenced from method com.google.android.gms.org.conscrypt.Platform.setParametersSniHostname
W/dalvikvm( 2384): VFY: unable to resolve new-instance 2476 (Ljavax/net/ssl/SNIHostName;) in Lcom/google/android/gms/org/conscrypt/Platform;
D/dalvikvm( 2384): VFY: replacing opcode 0x22 at 0x0024
E/dalvikvm( 2384): Could not find class 'javax.net.ssl.SNIHostName', referenced from method com.google.android.gms.org.conscrypt.Platform.setParametersSniHostname
W/dalvikvm( 2384): VFY: unable to resolve new-instance 2476 (Ljavax/net/ssl/SNIHostName;) in Lcom/google/android/gms/org/conscrypt/Platform;
D/dalvikvm( 2384): VFY: replacing opcode 0x22 at 0x0024
W/dalvikvm( 2384): Unable to resolve superclass of Lcom/google/android/gms/org/conscrypt/Java7SessionWrapper; (2467)
W/dalvikvm( 2384): Link of class 'Lcom/google/android/gms/org/conscrypt/Java7SessionWrapper;' failed
I/dalvikvm( 2384): Could not find method com.google.android.gms.org.conscrypt.Java7SessionWrapper.getDelegate, referenced from method com.google.android.gms.org.conscrypt.Platform.unwrapSSLSession
W/dalvikvm( 2384): VFY: unable to resolve static method 8510: Lcom/google/android/gms/org/conscrypt/Java7SessionWrapper;.getDelegate (Ljavax/net/ssl/SSLSession;)Ljavax/net/ssl/SSLSession;
D/dalvikvm( 2384): VFY: replacing opcode 0x71 at 0x0007
W/dalvikvm( 2384): Unable to resolve superclass of Lcom/google/android/gms/org/conscrypt/Java7SessionWrapper; (2467)
W/dalvikvm( 2384): Link of class 'Lcom/google/android/gms/org/conscrypt/Java7SessionWrapper;' failed
E/dalvikvm( 2384): Could not find class 'com.google.android.gms.org.conscrypt.Java7SessionWrapper', referenced from method com.google.android.gms.org.conscrypt.Platform.wrapSSLSession
W/dalvikvm( 2384): VFY: unable to resolve new-instance 1610 (Lcom/google/android/gms/org/conscrypt/Java7SessionWrapper;) in Lcom/google/android/gms/org/conscrypt/Platform;
D/dalvikvm( 2384): VFY: replacing opcode 0x22 at 0x0007
D/dalvikvm( 2384): DexOpt: unable to opt direct call 0x35f3 at 0x2a in Lcom/google/android/gms/org/conscrypt/Platform;.setParametersSniHostname
D/dalvikvm( 2384): DexOpt: unable to opt direct call 0x35f3 at 0x2a in Lcom/google/android/gms/org/conscrypt/Platform;.setParametersSniHostname
W/dalvikvm( 2384): Unable to resolve superclass of Lcom/google/android/gms/org/conscrypt/Java7SessionWrapper; (2467)
W/dalvikvm( 2384): Link of class 'Lcom/google/android/gms/org/conscrypt/Java7SessionWrapper;' failed
D/dalvikvm( 2384): DexOpt: unable to opt direct call 0x213a at 0x09 in Lcom/google/android/gms/org/conscrypt/Platform;.wrapSSLSession
D/dalvikvm( 2384): GC_FOR_ALLOC freed 385K, 15% free 2974K/3460K, paused 3ms, total 3ms
I/ProviderInstaller( 2384): Installed default security provider GmsCore_OpenSSL
D/dalvikvm( 1819): GC_EXPLICIT freed 163K, 35% free 4082K/6212K, paused 1ms+1ms, total 8ms
D/dalvikvm( 2384): GC_FOR_ALLOC freed 294K, 12% free 3192K/3588K, paused 3ms, total 3ms
I/dalvikvm( 2384): Could not find method android.app.NotificationManager.getNotificationChannel, referenced from method jjd.a
W/dalvikvm( 2384): VFY: unable to resolve virtual method 2253: Landroid/app/NotificationManager;.getNotificationChannel (Ljava/lang/String;)Landroid/app/NotificationChannel;
D/dalvikvm( 2384): VFY: replacing opcode 0x6e at 0x000c
I/dalvikvm( 2384): Could not find method android.app.Notification$Builder.setChannelId, referenced from method jjd.a
W/dalvikvm( 2384): VFY: unable to resolve virtual method 2208: Landroid/app/Notification$Builder;.setChannelId (Ljava/lang/String;)Landroid/app/Notification$Builder;
D/dalvikvm( 2384): VFY: replacing opcode 0x6e at 0x007e
D/dalvikvm( 2384): DexOpt: unable to opt direct call 0x08c7 at 0x19 in Ljjd;.a
I/dalvikvm( 2384): Could not find method android.content.pm.PackageManager.getPackageInstaller, referenced from method jjw.a
W/dalvikvm( 2384): VFY: unable to resolve virtual method 2504: Landroid/content/pm/PackageManager;.getPackageInstaller ()Landroid/content/pm/PackageInstaller;
D/dalvikvm( 2384): VFY: replacing opcode 0x6e at 0x001c
D/dalvikvm( 2384): GC_FOR_ALLOC freed 190K, 8% free 3509K/3804K, paused 5ms, total 5ms
I/dalvikvm( 2384): Could not find method android.system.Os.readlink, referenced from method cuq.a
W/dalvikvm( 2384): VFY: unable to resolve static method 3047: Landroid/system/Os;.readlink (Ljava/lang/String;)Ljava/lang/String;
D/dalvikvm( 2384): VFY: replacing opcode 0x71 at 0x0000
D/dalvikvm( 2384): GC_FOR_ALLOC freed 184K, 8% free 3825K/4124K, paused 4ms, total 4ms
I/dalvikvm( 2384): Could not find method android.system.Os.stat, referenced from method cuq.a
W/dalvikvm( 2384): VFY: unable to resolve static method 3048: Landroid/system/Os;.stat (Ljava/lang/String;)Landroid/system/StructStat;
D/dalvikvm( 2384): VFY: replacing opcode 0x71 at 0x0042
I/dalvikvm( 2384): Could not find method android.system.Os.symlink, referenced from method cuq.a
W/dalvikvm( 2384): VFY: unable to resolve static method 3049: Landroid/system/Os;.symlink (Ljava/lang/String;Ljava/lang/String;)V
D/dalvikvm( 2384): VFY: replacing opcode 0x71 at 0x013b
D/dalvikvm( 2384): GC_FOR_ALLOC freed 224K, 8% free 4107K/4440K, paused 7ms, total 7ms
D/dalvikvm( 2384): GC_FOR_ALLOC freed 148K, 6% free 4440K/4720K, paused 4ms, total 4ms
I/dalvikvm( 2384): Could not find method android.content.ContextWrapper.createCredentialProtectedStorageContext, referenced from method jsl.createCredentialProtectedStorageContext
W/dalvikvm( 2384): VFY: unable to resolve virtual method 2411: Landroid/content/ContextWrapper;.createCredentialProtectedStorageContext ()Landroid/content/Context;
D/dalvikvm( 2384): VFY: replacing opcode 0x6f at 0x0002
I/dalvikvm( 2384): Could not find method android.content.ContextWrapper.createDeviceProtectedStorageContext, referenced from method jsl.createDeviceProtectedStorageContext
W/dalvikvm( 2384): VFY: unable to resolve virtual method 2412: Landroid/content/ContextWrapper;.createDeviceProtectedStorageContext ()Landroid/content/Context;
D/dalvikvm( 2384): VFY: replacing opcode 0x6f at 0x0002
D/dalvikvm( 2384): GC_FOR_ALLOC freed 171K, 6% free 4811K/5116K, paused 5ms, total 5ms
I/InputReader( 1578): Reconfiguring input devices.  changes=0x00000010
I/PackageManager( 1578):   Action: "android.intent.action.SENDTO"
I/PackageManager( 1578):   Category: "android.intent.category.DEFAULT"
I/PackageManager( 1578):   Scheme: "sms"
I/PackageManager( 1578): Adding preferred activity ComponentInfo{com.android.mms/com.android.mms.ui.ComposeMessageActivity} for user 0 :
I/Launcher( 1746): Deferring update until onResume
I/Launcher( 1746): Deferring update until onResume
I/PackageManager( 1578):   Action: "android.intent.action.SENDTO"
I/PackageManager( 1578):   Category: "android.intent.category.DEFAULT"
I/PackageManager( 1578):   Scheme: "smsto"
I/PackageManager( 1578): Adding preferred activity ComponentInfo{com.android.mms/com.android.mms.ui.ComposeMessageActivity} for user 0 :
I/PackageManager( 1578): Adding preferred activity ComponentInfo{com.android.mms/com.android.mms.ui.ComposeMessageActivity} for user 0 :
I/PackageManager( 1578):   Action: "android.intent.action.SENDTO"
I/PackageManager( 1578):   Category: "android.intent.category.DEFAULT"
I/PackageManager( 1578):   Scheme: "mms"
D/dalvikvm( 1578): GC_FOR_ALLOC freed 1108K, 19% free 7332K/9040K, paused 9ms, total 10ms
I/PackageManager( 1578):   Action: "android.intent.action.SENDTO"
I/PackageManager( 1578):   Category: "android.intent.category.DEFAULT"
I/PackageManager( 1578):   Scheme: "mmsto"
I/PackageManager( 1578): Adding preferred activity ComponentInfo{com.android.mms/com.android.mms.ui.ComposeMessageActivity} for user 0 :
D/dalvikvm( 1738): GC_FOR_ALLOC freed 459K, 15% free 3387K/3952K, paused 3ms, total 3ms
I/PackageManager( 1578):   Action: "android.intent.action.SENDTO"
I/PackageManager( 1578):   Category: "android.intent.category.DEFAULT"
I/PackageManager( 1578):   Scheme: "sms"
I/PackageManager( 1578): Adding preferred activity ComponentInfo{com.android.mms/com.android.mms.ui.ComposeMessageActivity} for user 0 :
I/PackageManager( 1578):   Action: "android.intent.action.SENDTO"
I/PackageManager( 1578):   Category: "android.intent.category.DEFAULT"
I/PackageManager( 1578):   Scheme: "smsto"
I/PackageManager( 1578): Adding preferred activity ComponentInfo{com.android.mms/com.android.mms.ui.ComposeMessageActivity} for user 0 :
I/PackageManager( 1578):   Action: "android.intent.action.SENDTO"
I/PackageManager( 1578):   Category: "android.intent.category.DEFAULT"
I/PackageManager( 1578):   Scheme: "mms"
I/PackageManager( 1578): Adding preferred activity ComponentInfo{com.android.mms/com.android.mms.ui.ComposeMessageActivity} for user 0 :
I/PackageManager( 1578):   Action: "android.intent.action.SENDTO"
I/PackageManager( 1578):   Category: "android.intent.category.DEFAULT"
I/PackageManager( 1578):   Scheme: "mmsto"
I/PackageManager( 1578): Adding preferred activity ComponentInfo{com.android.mms/com.android.mms.ui.ComposeMessageActivity} for user 0 :
D/dalvikvm( 1578): GC_FOR_ALLOC freed 1112K, 19% free 7324K/9040K, paused 9ms, total 10ms
I/GCoreNlp( 1704): shouldConfirmNlp, NLP off. Ensuring opt-in disabled
I/GeofencerStateMachine( 1704): sendQueryLocationOptIn
I/ActivityManager( 1578): Resuming delayed broadcast
I/ActivityManager( 1578): Start proc com.google.android.googlequicksearchbox for broadcast com.google.android.googlequicksearchbox/com.google.android.searchcommon.StartUpReceiver: pid=2409 uid=10013 gids={50013, 3003, 1028, 3002, 1015}
E/ActivityThread( 2409): Failed to find provider info for com.google.android.partnersetup.rlzappprovider
D/dalvikvm( 2409): GC_FOR_ALLOC freed 267K, 11% free 2972K/3340K, paused 3ms, total 3ms
D/AlertReceiver( 2115): onReceive: a=android.intent.action.BOOT_COMPLETED Intent { act=android.intent.action.BOOT_COMPLETED flg=0x8000010 cmp=com.google.android.calendar/com.android.calendar.alerts.AlertReceiver (has extras) }
D/AlertService( 2115): 0 Action = android.intent.action.BOOT_COMPLETED
D/AlertService( 2115): Scheduling next alarm with AlarmScheduler. sEventReminderReceived: null
I/ActivityManager( 1578): Delay finish: com.google.android.calendar/com.android.calendar.alerts.AlertReceiver
W/GAV2    ( 2409): Thread[Thread-88,5,main]: Need to call initialize() and be in fallback mode to start dispatch.
W/GAV2    ( 2409): Thread[Thread-88,5,main]: dispatch call queued.  Need to call GAServiceManager.getInstance().initialize().
D/AlarmScheduler( 2115): No events found starting within 1 week.
W/ContextImpl( 2409): Implicit intents with startService are not safe: Intent { act=com.google.android.gms.analytics.service.START (has extras) } android.content.ContextWrapper.bindService:517 com.google.analytics.tracking.android.AnalyticsGmsCoreClient.connect:82 com.google.analytics.tracking.android.GAServiceProxy.connectToService:279 
I/GAV2    ( 2409): Thread[GAThread,5,main]: No campaign data found.
I/GAv4-SVC( 2049): Google Analytics 12.2.21 is starting up.
E/dalvikvm( 2049): Could not find class 'android.app.job.JobScheduler', referenced from method egf.c
W/dalvikvm( 2049): VFY: unable to resolve check-cast 735 (Landroid/app/job/JobScheduler;) in Legf;
D/dalvikvm( 2049): VFY: replacing opcode 0x1f at 0x001c
V/AlarmClock( 2138): AlarmInitReceiver android.intent.action.BOOT_COMPLETED
V/AlarmClock( 2138): AlarmInitReceiver - Reset timers and clear stopwatch data
I/ActivityManager( 1578): Waited long enough for: ServiceRecord{afebe880 u0 com.google.android.calendar/com.android.calendar.alerts.InitAlarmsService}
I/ActivityManager( 1578): Resuming delayed broadcast
I/AlarmClock( 2138): Displaying next alarm time: ''
V/AlarmClock( 2138): AlarmInitReceiver finished
I/ActivityManager( 1578): Start proc com.android.email for broadcast com.android.email/.service.EmailBroadcastReceiver: pid=2446 uid=10026 gids={50026, 3003, 1028, 1015}
I/Email   ( 2446): Observing account changes for notifications
W/ActivityManager( 1578): Unable to start service Intent { cmp=com.android.email/.service.AttachmentDownloadService } U=0: not found
I/ActivityManager( 1578): Delay finish: com.android.email/.service.EmailBroadcastReceiver
I/ActivityManager( 1578): Delaying start of: ServiceRecord{affa5b70 u0 com.android.exchange/.service.EmailSyncAdapterService}
I/ActivityManager( 1578): Start proc com.android.exchange for service com.android.exchange/.service.EmailSyncAdapterService: pid=2466 uid=10027 gids={50027, 3003, 1028, 1015}
E/jdwp    ( 2466): Failed sending reply to debugger: Broken pipe
D/dalvikvm( 2466): Debugger has detached; object registry had 1 entries
I/ActivityManager( 1578): Resuming delayed broadcast
I/LauncherIconVisibilityManager( 1686): Boot has been completed
I/LauncherIconVisibilityManager( 1686): Activity has already been disabled: ComponentInfo{com.google.android.inputmethod.latin/com.android.inputmethod.latin.setup.SetupActivity}
D/dalvikvm( 2049): GC_FOR_ALLOC freed 1008K, 19% free 6077K/7440K, paused 6ms, total 7ms
I/iu.SyncManager( 2049): SYNC; picasa accounts
I/iu.Environment( 2049): update connectivity state; isNetworkMetered? true*, isRoaming? false, isBackgroundDataAllowed? true*
I/iu.UploadsManager( 2049): num queued entries: 0
I/iu.UploadsManager( 2049): num updated entries: 0
I/iu.SyncManager( 2049): NEXT; no task
E/MDM     ( 2049): [136] vwx.a: No Google accounts; deferring server state update.
E/MDM     ( 2049): [117] vwx.a: No Google accounts; deferring server state update.
E/MDM     ( 2049): [117] vwx.a: No Google accounts; deferring server state update.
I/ActivityManager( 1578): Delay finish: com.android.providers.contacts/.PackageIntentReceiver
I/ActivityManager( 1578): Resuming delayed broadcast
E/MDM     ( 2049): [117] vwx.a: No Google accounts; deferring server state update.
E/NetworkScheduler( 1704): Unrecognised action provided: android.intent.action.PACKAGE_REMOVED
I/ActivityManager( 1578): Start proc com.google.android.googlequicksearchbox:launcher for broadcast com.google.android.googlequicksearchbox/com.google.android.gel.GelStubAppWatcher: pid=2510 uid=10013 gids={50013, 3003, 1028, 3002, 1015}
V/Launcher( 2510): LauncherAppState inited
I/ActivityManager( 1578): Start proc com.android.keychain for broadcast com.android.keychain/.KeyChainBroadcastReceiver: pid=2528 uid=1000 gids={41000, 1028, 1015, 3002, 3001, 3003}
W/ContextImpl( 2528): Calling a method in the system process without a qualified user: android.app.ContextImpl.startService:1479 android.content.ContextWrapper.startService:494 android.content.ContextWrapper.startService:494 com.android.keychain.KeyChainBroadcastReceiver.onReceive:12 android.app.ActivityThread.handleReceiver:2419 
I/ActivityManager( 1578): Delay finish: com.android.keychain/.KeyChainBroadcastReceiver
D/dalvikvm( 2049): GC_FOR_ALLOC freed 982K, 17% free 6235K/7440K, paused 20ms, total 20ms
W/ChimeraUtils( 2049): Non Chimera context
I/ActivityManager( 1578): Resuming delayed broadcast
I/ActivityManager( 1578): Killing 1722:com.android.externalstorage/u0a6 (adj 15): empty #17
I/Icing.InternalIcingCorporaProvider( 2409): Updating corpora: A: activityspy.mattw95.washington.edu.activityspy, C: MAYBE
I/ActivityManager( 1578): Delay finish: com.google.android.googlequicksearchbox/com.google.android.searchcommon.summons.icing.InternalIcingCorporaProvider$CorporaChangedReceiver
D/dalvikvm( 1578): GC_EXPLICIT freed 723K, 19% free 7365K/9040K, paused 0ms+2ms, total 12ms
I/Icing   ( 2049): Storage manager: low false usage 1.73MB avail 1.79GB capacity 1.94GB
W/ConfigurationChimeraPro( 1704): Got null configs for com.google.android.gms.appinvite -- metadata{ service_id: 51 }
W/ContextImpl( 2409): Implicit intents with startService are not safe: Intent { act=com.google.android.gms.icing.INDEX_SERVICE } android.content.ContextWrapper.bindService:517 com.google.android.gms.internal.av.a:-1 com.google.android.gms.internal.au.connect:-1 
I/ChromeSync( 2049): [Sync,SyncIntentOperation] Handling the intent: Intent { act=android.intent.action.PACKAGE_ADDED dat=package:activityspy.mattw95.washington.edu.activityspy flg=0x4000010 cmp=com.google.android.gms/.chimera.GmsIntentOperationService (has extras) }.
I/Icing   ( 2049): IndexChimeraService.getServiceInterface callingPackage=com.google.android.googlequicksearchbox componentName=null serviceId=21
D/ConnectivityService( 1578): handleInetConditionHoldEnd: net=0, condition=100, published condition=100
I/Icing   ( 2049): IndexChimeraService.getServiceInterface callingPackage=com.google.android.gms componentName=AppsCorpus serviceId=32
E/Icing   ( 2049): Device Lang: en
W/Icing   ( 2049): transportation_script_path is empty
W/Icing   ( 2049): generic::invalid_argument: Empty URI
W/Icing   ( 2049): generic::invalid_argument: Empty URI
W/Icing   ( 2049): WordsMap was not properly initialized
I/dalvikvm( 2049): Could not find method android.os.UserHandle.isOwner, referenced from method sqo.a
W/dalvikvm( 2049): VFY: unable to resolve virtual method 21331: Landroid/os/UserHandle;.isOwner ()Z
D/dalvikvm( 2049): VFY: replacing opcode 0x6e at 0x0030
E/Icing   ( 2049): Array storage bad crc 2983329263 vs 3993902930
E/Icing   ( 2049): File /data/data/com.google.android.gms/files/AppDataSearch/main/cur/ds.docids failed to init (elt_size 4 num_elts 64 array_crc 3993902930)
E/Icing   ( 2049): Array storage bad crc 4266531802 vs 3314609716
E/Icing   ( 2049): File /data/data/com.google.android.gms/files/AppDataSearch/main/cur/ds.perdocdata failed to init (elt_size 26 num_elts 64 array_crc 3314609716)
E/Icing   ( 2049): Array storage bad crc 1311610926 vs 2192419220
E/Icing   ( 2049): File /data/data/com.google.android.gms/files/AppDataSearch/main/cur/ds.cscoring failed to init (elt_size 37 num_elts 9 array_crc 2192419220)
E/Icing   ( 2049): Array storage bad crc 2622754699 vs 1515961795
E/Icing   ( 2049): Trie mmap suffix failed
W/Icing   ( 2049): Docstore bad crc 0x9d7d0074 vs 0x9ba085d9
E/Icing   ( 2049): Array storage bad crc 2024692317 vs 0
E/Icing   ( 2049): Trie mmap node failed
E/Icing   ( 2049): Lite index failed to initialize; clearing: generic::internal: Failed to initialize lexicon trie
D/dalvikvm( 2049): GC_FOR_ALLOC freed 949K, 15% free 6478K/7592K, paused 7ms, total 7ms
I/Icing   ( 2049): updateResources: need to parse sqn{com.google.android.gms}
I/Icing   ( 2049): Internal init done: storage state 0
I/Icing   ( 2049): 9 corpora need re-polling
I/Icing   ( 2049): IndexChimeraService.getServiceInterface callingPackage=com.google.android.gms componentName=AppsCorpus serviceId=36
I/Icing   ( 2049): Post-init done
D/dalvikvm( 1704): GC_FOR_ALLOC freed 935K, 16% free 6048K/7148K, paused 12ms, total 16ms
E/dalvikvm( 2049): Could not find class 'android.app.usage.UsageStatsManager', referenced from method tqd.a
W/dalvikvm( 2049): VFY: unable to resolve check-cast 5092 (Landroid/app/usage/UsageStatsManager;) in Ltqd;
D/dalvikvm( 2049): VFY: replacing opcode 0x1f at 0x007f
I/Icing   ( 2049): Usage reports ok 0, Failed Usage reports 0, indexed 0, rejected 0, imm upload false
D/dalvikvm( 2049): GC_FOR_ALLOC freed 1199K, 18% free 6553K/7916K, paused 8ms, total 8ms
I/Icing   ( 2049): Indexing DAF10DB9186F490E6E9BDDBA103C5486E042D22F from com.google.android.gms
I/Icing   ( 2049): Indexing done DAF10DB9186F490E6E9BDDBA103C5486E042D22F
I/Icing   ( 2049): Indexing 24139D000CCAC097AC2F15096A286CCD7FD25C4F from com.google.android.gms
I/Icing   ( 2049): Indexing done 24139D000CCAC097AC2F15096A286CCD7FD25C4F
I/Icing   ( 2049): Indexing 5B20BC8A9AE9686E7403DE0644ADDD2044B23B7A from com.google.android.googlequicksearchbox
I/Icing   ( 2049): Usage reports ok 0, Failed Usage reports 0, indexed 0, rejected 0, imm upload false
I/Icing   ( 2049): Indexing B817CADE6D20E21EA0719D21EE324D817218E54D from com.google.android.gms
I/Icing   ( 2049): Indexing 6390EA4120CE267439B61FC3A23A9763605E3ECE from com.google.android.googlequicksearchbox
E/DatabaseUtils( 2409): Writing exception to parcel
E/DatabaseUtils( 2409): java.lang.SecurityException: Permission Denial: reading com.google.android.searchcommon.summons.icing.InternalIcingCorporaProvider uri content://com.google.android.googlequicksearchbox.icing/appdatasearch/contacts from pid=2049, uid=10007 requires the provider be exported, or grantUriPermission()
E/DatabaseUtils( 2409): 	at android.content.ContentProvider.enforceReadPermissionInner(ContentProvider.java:467)
E/DatabaseUtils( 2409): 	at android.content.ContentProvider$Transport.enforceReadPermission(ContentProvider.java:394)
E/DatabaseUtils( 2409): 	at android.content.ContentProvider$Transport.query(ContentProvider.java:194)
E/DatabaseUtils( 2409): 	at android.content.ContentProviderNative.onTransact(ContentProviderNative.java:112)
E/DatabaseUtils( 2409): 	at android.os.Binder.execTransact(Binder.java:404)
E/DatabaseUtils( 2409): 	at dalvik.system.NativeStart.run(Native Method)
E/Icing   ( 2049): Cursor call threw an exception: Permission Denial: reading com.google.android.searchcommon.summons.icing.InternalIcingCorporaProvider uri content://com.google.android.googlequicksearchbox.icing/appdatasearch/contacts from pid=2049, uid=10007 requires the provider be exported, or grantUriPermission()
I/Icing   ( 2049): Indexing done 6390EA4120CE267439B61FC3A23A9763605E3ECE
E/Icing   ( 2049): Aborting indexing of corpus contacts
I/Icing   ( 2049): Indexing 41D49A8A09A763307E4DDD5C0A9E3FC6561E4229 from com.google.android.gms
I/Icing   ( 2049): Indexing done 41D49A8A09A763307E4DDD5C0A9E3FC6561E4229
I/Icing   ( 2049): Indexing 969E5D21B7CB94CDE9E3CCDB5A16222F42268066 from com.google.android.gms
I/Icing   ( 2049): Indexing done 969E5D21B7CB94CDE9E3CCDB5A16222F42268066
I/Icing   ( 2049): Usage reports ok 0, Failed Usage reports 0, indexed 0, rejected 0, imm upload true
I/Icing   ( 2049): Indexing 579F9A42463D9CD1B1C032422CBCC1F0495C4D51 from com.google.android.gms
D/dalvikvm( 2049): GC_FOR_ALLOC freed 1232K, 18% free 6620K/8016K, paused 8ms, total 9ms
I/Icing   ( 2049): Indexing done 579F9A42463D9CD1B1C032422CBCC1F0495C4D51
I/Icing   ( 2049): Indexing B895368DA9B090402784985F0D89375EEADC7388 from com.google.android.gms
I/Icing   ( 2049): Indexing done B895368DA9B090402784985F0D89375EEADC7388
I/Icing   ( 2049): Indexing done 5B20BC8A9AE9686E7403DE0644ADDD2044B23B7A
I/Icing   ( 2049): Indexing done B817CADE6D20E21EA0719D21EE324D817218E54D
I/Icing   ( 2049): IndexChimeraService.getServiceInterface callingPackage=com.google.android.googlequicksearchbox componentName=null serviceId=21
I/Icing   ( 2049): Usage reports ok 0, Failed Usage reports 0, indexed 0, rejected 0, imm upload true
I/ActivityManager( 1578): Resuming delayed broadcast
I/ActivityManager( 1578): Start proc com.svox.pico for broadcast com.svox.pico/.VoiceDataInstallerReceiver: pid=2555 uid=10041 gids={50041, 1028, 1015}
D/dalvikvm( 2555): Debugger has detached; object registry had 1 entries
I/ActivityManager( 1578): Killing 1775:com.android.printspooler/u0a44 (adj 15): empty #17
E/NetworkScheduler( 1704): Unrecognised action provided: android.intent.action.PACKAGE_REPLACED
W/dalvikvm( 1704): VFY: unable to find class referenced in signature ([Landroid/net/ScoredNetwork;)
E/dalvikvm( 1704): Could not find class 'android.net.NetworkScoreManager', referenced from method xvg.a
W/dalvikvm( 1704): VFY: unable to resolve check-cast 5293 (Landroid/net/NetworkScoreManager;) in Lxvg;
D/dalvikvm( 1704): VFY: replacing opcode 0x1f at 0x0006
E/dalvikvm( 1704): Could not find class 'android.net.NetworkScoreManager', referenced from method xvg.c
W/dalvikvm( 1704): VFY: unable to resolve check-cast 5293 (Landroid/net/NetworkScoreManager;) in Lxvg;
D/dalvikvm( 1704): VFY: replacing opcode 0x1f at 0x0006
I/FontsPackageChangeOp( 2049): Package activityspy.mattw95.washington.edu.activityspy has no metadata
W/Launcher( 2510): setApplicationContext called twice! old=com.google.android.velvet.VelvetApplication@afb1cad8 new=com.google.android.velvet.VelvetApplication@afb1cad8
D/AlertReceiver( 2115): onReceive: a=android.intent.action.PROVIDER_CHANGED Intent { act=android.intent.action.PROVIDER_CHANGED dat=content://com.android.calendar flg=0x10 cmp=com.google.android.calendar/com.android.calendar.alerts.AlertReceiver }
I/IcingInternalCorpora( 2049): Received calendar change notification.
D/AlertService( 2115): 0 Action = android.intent.action.PROVIDER_CHANGED
I/ActivityManager( 1578): Delay finish: com.google.android.calendar/com.android.calendar.alerts.AlertReceiver
I/Icing   ( 2049): IndexChimeraService.getServiceInterface callingPackage=com.google.android.gms componentName=AppsCorpus serviceId=32
I/Icing   ( 2049): IndexChimeraService.getServiceInterface callingPackage=com.google.android.gms componentName=AppsCorpus serviceId=36
I/Icing   ( 2049): Usage reports ok 0, Failed Usage reports 0, indexed 0, rejected 0, imm upload false
I/Icing   ( 2049): Usage reports ok 0, Failed Usage reports 0, indexed 0, rejected 0, imm upload false
I/EventLogChimeraService( 2049): Aggregate from 1523502866857 (log), 1523499612474 (data)
I/PeopleContactsSync( 2049): triggerPendingContactsCleanup: no accounts
I/PeopleDatabaseHelper( 2049): cleanUpNonGplusAccounts done.
D/dalvikvm( 1819): DexOpt: couldn't find field Landroid/os/Message;.sendingUid
W/dalvikvm( 1819): VFY: unable to resolve instance field 11593
D/dalvikvm( 1819): VFY: replacing opcode 0x52 at 0x0002
D/dalvikvm( 1819): GC_EXPLICIT freed 266K, 34% free 4107K/6212K, paused 0ms+1ms, total 9ms
I/DynamiteModule( 1819): Considering local module com.google.android.gms.googlecertificates:4 and remote module com.google.android.gms.googlecertificates:4
I/DynamiteModule( 1819): Selected local version of com.google.android.gms.googlecertificates
D/dalvikvm( 1704): GC_FOR_ALLOC freed 1088K, 18% free 6092K/7344K, paused 8ms, total 8ms
I/Icing   ( 2049): Performing maintenance.
I/Icing   ( 2049): updateResources: need to parse sqn{com.google.android.gms}
D/dalvikvm( 2171): GC_FOR_ALLOC freed 392K, 15% free 5461K/6412K, paused 5ms, total 5ms
I/dalvikvm( 2171): Rejecting re-init on previously-failed class Lcom/google/ccc/abuse/droidguard/DroidGuard; v=0x0
W/dalvikvm( 2171): Class init failed in Constructor.constructNative (Lcom/google/ccc/abuse/droidguard/DroidGuard;)
D/dalvikvm( 2049): GC_FOR_ALLOC freed 1077K, 16% free 6866K/8108K, paused 12ms, total 12ms
D/EGL_emulation( 2171): eglCreateContext: 0xb7cffda0: maj 3 min 0 rcv 3
D/EGL_emulation( 2171): eglMakeCurrent: 0xb7cffda0: ver 3 0
E/eglCodecCommon( 2171): glUtilsParamSize: unknow param 0x00008cdf
E/eglCodecCommon( 2171): glUtilsParamSize: unknow param 0x00008824
I/dalvikvm( 1819): Could not find method android.content.Context.getNoBackupFilesDir, referenced from method ttt.<init>
W/dalvikvm( 1819): VFY: unable to resolve virtual method 20188: Landroid/content/Context;.getNoBackupFilesDir ()Ljava/io/File;
D/dalvikvm( 1819): VFY: replacing opcode 0x6e at 0x0028
W/Icing   ( 2049): isOptedInForAppHistory: empty Account Name encountered
I/Icing   ( 2049): Performing maintenance usage 1532735 budget 951681439 free 99.839% index free 99.989% purge? false target 666177007
W/Conscrypt( 1704): Could not set socket write timeout: java.lang.reflect.InvocationTargetException
W/Conscrypt( 1704): 	at java.lang.reflect.Method.invokeNative(Native Method)
W/Conscrypt( 1704): 	at java.lang.reflect.Method.invoke(Method.java:515)
W/Conscrypt( 1704): Caused by: libcore.io.ErrnoException: setsockopt failed: EBADF (Bad file number)
W/Conscrypt( 1704): 	at libcore.io.Posix.setsockoptTimeval(Native Method)
W/Conscrypt( 1704): 	at libcore.io.ForwardingOs.setsockoptTimeval(ForwardingOs.java:126)
W/Conscrypt( 1704): Could not set socket write timeout: java.lang.reflect.InvocationTargetException
W/Conscrypt( 1704): 	at java.lang.reflect.Method.invokeNative(Native Method)
W/Conscrypt( 1704): 	at java.lang.reflect.Method.invoke(Method.java:515)
W/Conscrypt( 1704): Caused by: libcore.io.ErrnoException: setsockopt failed: EBADF (Bad file number)
W/Conscrypt( 1704): 	at libcore.io.Posix.setsockoptTimeval(Native Method)
