W/Conscrypt( 1704): 	at libcore.io.ForwardingOs.setsockoptTimeval(ForwardingOs.java:126)
I/Icing   ( 2049): Flash index sort hb 11 prefix-hits 24 -> 24 at 0.263ms
W/ConfigurationChimeraPro( 1704): Got null configs for com.google.android.gms.common_auth -- metadata{ service_id: 51 }
W/dalvikvm( 1819): VFY: unable to find class referenced in signature (Landroid/net/Network;)
I/dalvikvm( 1819): Could not find method android.net.Network.openConnection, referenced from method slr.a
W/dalvikvm( 1819): VFY: unable to resolve virtual method 20861: Landroid/net/Network;.openConnection (Ljava/net/URL;)Ljava/net/URLConnection;
D/dalvikvm( 1819): VFY: replacing opcode 0x6e at 0x00ab
I/Auth    ( 1819): [ReflectiveChannelBinder] Successfully bound channel!
I/dalvikvm( 1819): Could not find method android.os.PowerManager.isInteractive, referenced from method krl.a
W/dalvikvm( 1819): VFY: unable to resolve virtual method 4948: Landroid/os/PowerManager;.isInteractive ()Z
D/dalvikvm( 1819): VFY: replacing opcode 0x6e at 0x0006
D/dalvikvm( 1819): GC_FOR_ALLOC freed 405K, 33% free 4213K/6212K, paused 5ms, total 5ms
W/Conscrypt( 1819): Could not set socket write timeout: java.lang.reflect.InvocationTargetException
W/Conscrypt( 1819): 	at java.lang.reflect.Method.invokeNative(Native Method)
W/Conscrypt( 1819): 	at java.lang.reflect.Method.invoke(Method.java:515)
W/Conscrypt( 1819): Caused by: libcore.io.ErrnoException: setsockopt failed: EBADF (Bad file number)
W/Conscrypt( 1819): 	at libcore.io.Posix.setsockoptTimeval(Native Method)
W/Conscrypt( 1819): 	at libcore.io.ForwardingOs.setsockoptTimeval(ForwardingOs.java:126)
I/Icing   ( 2049): Indexing B817CADE6D20E21EA0719D21EE324D817218E54D from com.google.android.gms
W/Conscrypt( 1819): Could not set socket write timeout: java.lang.reflect.InvocationTargetException
W/Conscrypt( 1819): 	at java.lang.reflect.Method.invokeNative(Native Method)
W/Conscrypt( 1819): 	at java.lang.reflect.Method.invoke(Method.java:515)
W/Conscrypt( 1819): Caused by: libcore.io.ErrnoException: setsockopt failed: EBADF (Bad file number)
W/Conscrypt( 1819): 	at libcore.io.Posix.setsockoptTimeval(Native Method)
W/Conscrypt( 1819): 	at libcore.io.ForwardingOs.setsockoptTimeval(ForwardingOs.java:126)
D/dalvikvm( 1819): GC_FOR_ALLOC freed 515K, 33% free 4214K/6212K, paused 6ms, total 6ms
I/Icing   ( 2049): Indexing done B817CADE6D20E21EA0719D21EE324D817218E54D
W/GLSUser ( 1819): [AppCertManager] IOException while requesting key: 
W/GLSUser ( 1819): java.io.IOException: Invalid device key response.
W/GLSUser ( 1819): 	at gdd.a(com.google.android.gms@12221030@12.2.21 (030-188803320):12)
W/GLSUser ( 1819): 	at gdd.a(com.google.android.gms@12221030@12.2.21 (030-188803320):64)
W/GLSUser ( 1819): 	at gdb.a(com.google.android.gms@12221030@12.2.21 (030-188803320):8)
W/GLSUser ( 1819): 	at gcx.a(com.google.android.gms@12221030@12.2.21 (030-188803320):1)
W/GLSUser ( 1819): 	at gcw.a(com.google.android.gms@12221030@12.2.21 (030-188803320):10)
W/GLSUser ( 1819): 	at com.google.android.gms.auth.account.be.legacy.AuthCronChimeraService.b(com.google.android.gms@12221030@12.2.21 (030-188803320):7)
W/GLSUser ( 1819): 	at ffx.call(com.google.android.gms@12221030@12.2.21 (030-188803320):3)
W/GLSUser ( 1819): 	at java.util.concurrent.FutureTask.run(FutureTask.java:237)
W/GLSUser ( 1819): 	at kot.run(com.google.android.gms@12221030@12.2.21 (030-188803320):26)
W/GLSUser ( 1819): 	at java.util.concurrent.ThreadPoolExecutor.runWorker(ThreadPoolExecutor.java:1112)
W/GLSUser ( 1819): 	at java.util.concurrent.ThreadPoolExecutor$Worker.run(ThreadPoolExecutor.java:587)
W/GLSUser ( 1819): 	at kus.run(com.google.android.gms@12221030@12.2.21 (030-188803320))
W/GLSUser ( 1819): 	at java.lang.Thread.run(Thread.java:841)
I/Icing   ( 2049): Indexing 5B20BC8A9AE9686E7403DE0644ADDD2044B23B7A from com.google.android.googlequicksearchbox
I/Icing   ( 2049): Indexing done 5B20BC8A9AE9686E7403DE0644ADDD2044B23B7A
I/IcingInternalCorpora( 2049): EventIndexer: starting full update
I/IcingInternalCorpora( 2049): EventIndexer: 0 added, 0 removed, 0 changed, 0 unchanged, 0 errors.
I/IcingInternalCorpora( 2049): EventIndexer: finished after 0 ms.
I/Icing   ( 2049): Indexing B817CADE6D20E21EA0719D21EE324D817218E54D from com.google.android.gms
I/Icing   ( 2049): Indexing done B817CADE6D20E21EA0719D21EE324D817218E54D
D/AlertService( 2115): Beginning updateAlertNotification
D/AlertService( 2115): No fired or scheduled alerts
D/AlertService( 2115): Scheduling next alarm with AlarmScheduler. sEventReminderReceived: null
D/AlarmScheduler( 2115): No events found starting within 1 week.
I/ActivityManager( 1578): Resuming delayed broadcast
E/BluetoothAdapter( 1927): Bluetooth binder is null
V/SmsReceiverService( 2232): onStart: #1 mResultCode: -1 = Activity.RESULT_OK
I/dalvikvm( 2049): Could not find method android.os.UserHandle.isOwner, referenced from method afmc.a
W/dalvikvm( 2049): VFY: unable to resolve virtual method 21331: Landroid/os/UserHandle;.isOwner ()Z
D/dalvikvm( 2049): VFY: replacing opcode 0x6e at 0x000a
I/dalvikvm( 2049): Could not find method android.os.UserManager.getUserProfiles, referenced from method afkk.a
W/dalvikvm( 2049): VFY: unable to resolve virtual method 21336: Landroid/os/UserManager;.getUserProfiles ()Ljava/util/List;
D/dalvikvm( 2049): VFY: replacing opcode 0x6e at 0x003f
I/ActivityManager( 1578): Delay finish: com.android.mms/.transaction.SmsReceiver
I/ActivityManager( 1578): Resuming delayed broadcast
D/dalvikvm( 2049): GC_FOR_ALLOC freed 1473K, 20% free 6780K/8424K, paused 13ms, total 14ms
D/dalvikvm( 1704): GC_FOR_ALLOC freed 1176K, 19% free 6064K/7404K, paused 10ms, total 10ms
D/dalvikvm( 1704): GC_FOR_ALLOC freed 1028K, 17% free 6173K/7404K, paused 9ms, total 9ms
I/ActivityManager( 1578): Delay finish: com.android.providers.calendar/.CalendarProviderBroadcastReceiver
I/ActivityManager( 1578): Resuming delayed broadcast
I/ActivityManager( 1578): Delay finish: com.google.android.googlequicksearchbox/com.google.android.searchcommon.summons.icing.InternalIcingCorporaProvider$CorporaChangedReceiver
I/Icing.InternalIcingCorporaProvider( 2409): Updating corpora: A: com.google.android.gms, C: MAYBE
E/NetworkScheduler.ATC( 1704): Called cancelTask for already completed task com.google.android.gms/.tapandpay.gcmtask.TapAndPayGcmTaskService{u=0 tag="immediate" trigger=window{start=0s,end=1s,earliest=0s,latest=0s} requirements=[NET_CONNECTED] attributes=[] scheduled=0s last_run=0s jid=N/A status=ACTIVE retries=0 client_lib=MANCHEGO_GCM-12221000} :RESCHEDULED
I/Icing   ( 2049): updateResources: need to parse sqn{com.google.android.gms}
W/NetworkScheduler( 1704): Immediate task was not started com.google.android.gms/.tapandpay.gcmtask.TapAndPayGcmTaskService{u=0 tag="immediate" trigger=window{start=0s,end=1s,earliest=0s,latest=0s} requirements=[NET_CONNECTED] attributes=[] scheduled=0s last_run=N/A jid=N/A status=PENDING retries=0 client_lib=MANCHEGO_GCM-12221000}. Immediate task rescheduling drains the battery.
W/ContextImpl( 2409): Implicit intents with startService are not safe: Intent { act=com.google.android.gms.icing.INDEX_SERVICE } android.content.ContextWrapper.bindService:517 com.google.android.gms.internal.av.a:-1 com.google.android.gms.internal.au.connect:-1 
I/Icing   ( 2049): IndexChimeraService.getServiceInterface callingPackage=com.google.android.gms componentName=AppsCorpus serviceId=32
I/Icing   ( 2049): IndexChimeraService.getServiceInterface callingPackage=com.google.android.gms componentName=AppsCorpus serviceId=36
I/Icing   ( 2049): IndexChimeraService.getServiceInterface callingPackage=com.google.android.googlequicksearchbox componentName=null serviceId=21
I/Icing   ( 2049): Usage reports ok 0, Failed Usage reports 0, indexed 0, rejected 0, imm upload false
I/Icing   ( 2049): Usage reports ok 0, Failed Usage reports 0, indexed 0, rejected 0, imm upload false
I/Icing   ( 2049): Usage reports ok 0, Failed Usage reports 0, indexed 0, rejected 0, imm upload true
I/ActivityManager( 1578): Resuming delayed broadcast
W/Launcher( 2510): setApplicationContext called twice! old=com.google.android.velvet.VelvetApplication@afb1cad8 new=com.google.android.velvet.VelvetApplication@afb1cad8
D/ConnectivityService( 1578): Sampling interval elapsed, updating statistics ..
D/dalvikvm( 1578): GC_FOR_ALLOC freed 1127K, 19% free 7401K/9040K, paused 11ms, total 12ms
D/ConnectivityService( 1578): Done.
D/ConnectivityService( 1578): Setting timer for 720seconds
D/dalvikvm( 2049): GC_FOR_ALLOC freed 1340K, 20% free 6811K/8424K, paused 18ms, total 18ms
D/dalvikvm( 2049): GC_FOR_ALLOC freed 251K, 20% free 6783K/8424K, paused 12ms, total 12ms
D/dalvikvm( 2049): GC_FOR_ALLOC freed 36K, 20% free 6779K/8424K, paused 8ms, total 8ms
I/dalvikvm-heap( 2049): Grow heap (frag case) to 6.833MB for 57444-byte allocation
D/dalvikvm( 1704): GC_FOR_ALLOC freed 1226K, 19% free 6121K/7512K, paused 9ms, total 9ms
D/dalvikvm( 2049): GC_FOR_ALLOC freed <1K, 20% free 6835K/8484K, paused 9ms, total 9ms
D/dalvikvm( 2049): GC_FOR_ALLOC freed 49K, 20% free 6858K/8484K, paused 14ms, total 14ms
I/VacuumService( 1704): Vacuum at: now=1523502905618 tag=VacuumService
D/dalvikvm( 2049): GC_FOR_ALLOC freed 42K, 20% free 6859K/8484K, paused 9ms, total 9ms
D/dalvikvm( 2171): GC_FOR_ALLOC freed 683K, 16% free 5451K/6460K, paused 8ms, total 8ms
E/NetworkScheduler.ATC( 1704): Provided calling package not found: com.google.android.apps.photos
I/dalvikvm( 2171): Rejecting re-init on previously-failed class Lcom/google/ccc/abuse/droidguard/DroidGuard; v=0x0
W/dalvikvm( 2171): Class init failed in Constructor.constructNative (Lcom/google/ccc/abuse/droidguard/DroidGuard;)
D/EGL_emulation( 2171): eglCreateContext: 0xb7d0a100: maj 3 min 0 rcv 3
D/EGL_emulation( 2171): eglMakeCurrent: 0xb7d0a100: ver 3 0
E/eglCodecCommon( 2171): glUtilsParamSize: unknow param 0x00008cdf
E/eglCodecCommon( 2171): glUtilsParamSize: unknow param 0x00008824
W/Conscrypt( 2049): Could not set socket write timeout: java.lang.reflect.InvocationTargetException
W/Conscrypt( 2049): 	at java.lang.reflect.Method.invokeNative(Native Method)
W/Conscrypt( 2049): 	at java.lang.reflect.Method.invoke(Method.java:515)
W/Conscrypt( 2049): Caused by: libcore.io.ErrnoException: setsockopt failed: EBADF (Bad file number)
W/Conscrypt( 2049): 	at libcore.io.Posix.setsockoptTimeval(Native Method)
W/Conscrypt( 2049): 	at libcore.io.ForwardingOs.setsockoptTimeval(ForwardingOs.java:126)
D/dalvikvm( 1704): GC_FOR_ALLOC freed 1113K, 18% free 6163K/7512K, paused 11ms, total 11ms
W/Conscrypt( 2049): Could not set socket write timeout: java.lang.reflect.InvocationTargetException
W/Conscrypt( 2049): 	at java.lang.reflect.Method.invokeNative(Native Method)
W/Conscrypt( 2049): 	at java.lang.reflect.Method.invoke(Method.java:515)
W/Conscrypt( 2049): Caused by: libcore.io.ErrnoException: setsockopt failed: EBADF (Bad file number)
W/Conscrypt( 2049): 	at libcore.io.Posix.setsockoptTimeval(Native Method)
W/Conscrypt( 2049): 	at libcore.io.ForwardingOs.setsockoptTimeval(ForwardingOs.java:126)
D/dalvikvm( 2049): GC_FOR_ALLOC freed 1387K, 20% free 6870K/8484K, paused 10ms, total 10ms
I/Icing   ( 2049): Indexing B817CADE6D20E21EA0719D21EE324D817218E54D from com.google.android.gms
I/Icing   ( 2049): Indexing 5B20BC8A9AE9686E7403DE0644ADDD2044B23B7A from com.google.android.googlequicksearchbox
I/Icing   ( 2049): Indexing done B817CADE6D20E21EA0719D21EE324D817218E54D
D/dalvikvm( 2409): GC_FOR_ALLOC freed 375K, 14% free 3112K/3588K, paused 2ms, total 3ms
I/Icing   ( 2049): Indexing done 5B20BC8A9AE9686E7403DE0644ADDD2044B23B7A
I/InputReader( 1578): Reconfiguring input devices.  changes=0x00000010
I/Launcher( 1746): Deferring update until onResume
I/Launcher( 1746): Deferring update until onResume
I/PackageManager( 1578):   Action: "android.intent.action.SENDTO"
I/PackageManager( 1578):   Category: "android.intent.category.DEFAULT"
I/PackageManager( 1578):   Scheme: "sms"
I/PackageManager( 1578): Adding preferred activity ComponentInfo{com.android.mms/com.android.mms.ui.ComposeMessageActivity} for user 0 :
W/Launcher.Model( 2510): Nobody to tell about the new app.  Launcher is probably loading.
D/dalvikvm( 1738): GC_FOR_ALLOC freed 576K, 17% free 3320K/3996K, paused 9ms, total 10ms
I/PackageManager( 1578):   Action: "android.intent.action.SENDTO"
I/PackageManager( 1578):   Category: "android.intent.category.DEFAULT"
I/PackageManager( 1578):   Scheme: "smsto"
I/ActivityManager( 1578): Delay finish: com.google.android.googlequicksearchbox/com.google.android.searchcommon.summons.icing.InternalIcingCorporaProvider$CorporaChangedReceiver
I/PackageManager( 1578): Adding preferred activity ComponentInfo{com.android.mms/com.android.mms.ui.ComposeMessageActivity} for user 0 :
D/dalvikvm( 1785): GC_FOR_ALLOC freed 336K, 13% free 3106K/3540K, paused 46ms, total 46ms
I/Icing.InternalIcingCorporaProvider( 2409): Updating corpora: A: com.google.android.gms, C: MAYBE
I/PackageManager( 1578):   Action: "android.intent.action.SENDTO"
I/PackageManager( 1578):   Category: "android.intent.category.DEFAULT"
I/PackageManager( 1578):   Scheme: "mms"
I/PackageManager( 1578): Adding preferred activity ComponentInfo{com.android.mms/com.android.mms.ui.ComposeMessageActivity} for user 0 :
I/Icing   ( 2049): IndexChimeraService.getServiceInterface callingPackage=com.google.android.gms componentName=AppsCorpus serviceId=36
I/Icing   ( 2049): IndexChimeraService.getServiceInterface callingPackage=com.google.android.gms componentName=AppsCorpus serviceId=32
I/PackageManager( 1578):   Action: "android.intent.action.SENDTO"
I/PackageManager( 1578):   Category: "android.intent.category.DEFAULT"
I/PackageManager( 1578):   Scheme: "mmsto"
I/Icing   ( 2049): updateResources: need to parse sqn{com.google.android.gms}
I/PackageManager( 1578): Adding preferred activity ComponentInfo{com.android.mms/com.android.mms.ui.ComposeMessageActivity} for user 0 :
D/dalvikvm( 1578): GC_FOR_ALLOC freed 1190K, 19% free 7385K/9040K, paused 12ms, total 12ms
I/PackageManager( 1578):   Action: "android.intent.action.SENDTO"
I/PackageManager( 1578):   Category: "android.intent.category.DEFAULT"
I/Icing   ( 2049): IndexChimeraService.getServiceInterface callingPackage=com.google.android.googlequicksearchbox componentName=null serviceId=21
I/PackageManager( 1578):   Scheme: "sms"
I/PackageManager( 1578): Adding preferred activity ComponentInfo{com.android.mms/com.android.mms.ui.ComposeMessageActivity} for user 0 :
I/PackageManager( 1578):   Action: "android.intent.action.SENDTO"
I/PackageManager( 1578):   Category: "android.intent.category.DEFAULT"
I/PackageManager( 1578):   Scheme: "smsto"
I/PackageManager( 1578): Adding preferred activity ComponentInfo{com.android.mms/com.android.mms.ui.ComposeMessageActivity} for user 0 :
D/dalvikvm( 1738): GC_FOR_ALLOC freed 468K, 16% free 3359K/3996K, paused 3ms, total 3ms
I/PackageManager( 1578):   Action: "android.intent.action.SENDTO"
I/PackageManager( 1578):   Category: "android.intent.category.DEFAULT"
I/PackageManager( 1578):   Scheme: "mms"
I/PackageManager( 1578): Adding preferred activity ComponentInfo{com.android.mms/com.android.mms.ui.ComposeMessageActivity} for user 0 :
I/PackageManager( 1578):   Action: "android.intent.action.SENDTO"
I/PackageManager( 1578):   Category: "android.intent.category.DEFAULT"
I/PackageManager( 1578):   Scheme: "mmsto"
I/PackageManager( 1578): Adding preferred activity ComponentInfo{com.android.mms/com.android.mms.ui.ComposeMessageActivity} for user 0 :
I/GCoreNlp( 1704): shouldConfirmNlp, NLP off. Ensuring opt-in disabled
D/dalvikvm( 2049): GC_FOR_ALLOC freed 1314K, 18% free 6960K/8484K, paused 9ms, total 10ms
I/GeofencerStateMachine( 1704): sendQueryLocationOptIn
I/Icing   ( 2049): Usage reports ok 0, Failed Usage reports 0, indexed 0, rejected 0, imm upload false
I/Icing   ( 2049): Usage reports ok 0, Failed Usage reports 0, indexed 0, rejected 0, imm upload false
I/Icing   ( 2049): Usage reports ok 0, Failed Usage reports 0, indexed 0, rejected 0, imm upload true
W/Launcher( 2510): setApplicationContext called twice! old=com.google.android.velvet.VelvetApplication@afb1cad8 new=com.google.android.velvet.VelvetApplication@afb1cad8
I/ActivityManager( 1578): Resuming delayed broadcast
I/Icing   ( 2049): Indexing B817CADE6D20E21EA0719D21EE324D817218E54D from com.google.android.gms
I/Icing   ( 2049): Indexing done B817CADE6D20E21EA0719D21EE324D817218E54D
I/Icing   ( 2049): Indexing 5B20BC8A9AE9686E7403DE0644ADDD2044B23B7A from com.google.android.googlequicksearchbox
I/Icing   ( 2049): Indexing done 5B20BC8A9AE9686E7403DE0644ADDD2044B23B7A
I/MediaFocusControl( 1578):  AudioFocus  abandonAudioFocus() from android.media.AudioManager@afb1fb30com.android.music.MediaPlaybackService$3@afb1ea30
I/ActivityManager( 1578): Killing 2004:com.android.defcontainer/u0a3 (adj 15): empty #17
D/dalvikvm( 1578): GC_FOR_ALLOC freed 1269K, 20% free 7285K/9040K, paused 9ms, total 9ms
D/InitAlarmsService( 2115): Clearing and rescheduling alarms.
I/ActivityManager( 1578): Killing 2085:com.android.music/u0a36 (adj 15): empty #17
W/MediaFocusControl( 1578):   RemoteControlClient died
I/ActivityManager( 1578): Delay finish: com.android.providers.calendar/.CalendarProviderBroadcastReceiver
I/ActivityManager( 1578): Resuming delayed broadcast
D/gralloc_ranchu( 1141): gralloc_alloc: Creating ashmem region of size 405504
D/        ( 1141): HostConnection::get() New Host Connection established 0xb8e0ac90, tid 1890
D/        ( 1578): HostConnection::get() New Host Connection established 0xb7e1d570, tid 1698
D/gralloc_ranchu( 1141): gralloc_alloc: Creating ashmem region of size 405504
D/        ( 1578): HostConnection::get() New Host Connection established 0xb7dd47d0, tid 1701
D/dalvikvm( 1578): GC_FOR_ALLOC freed 341K, 19% free 7358K/9040K, paused 7ms, total 8ms
I/ActivityManager( 1578): START u0 {act=android.intent.action.MAIN cat=[android.intent.category.HOME] flg=0x10200000 cmp=com.android.launcher/com.android.launcher2.Launcher} from pid 1578
I/Main Activity( 2036): onPause event fired
D/EGL_emulation( 1746): eglMakeCurrent: 0xb7d17fa0: ver 3 0
D/EGL_emulation( 1746): eglMakeCurrent: 0xb7d17fa0: ver 3 0
E/EGL_emulation( 1746): tid 1746: eglSurfaceAttrib(1199): error 0x3009 (EGL_BAD_MATCH)
W/HardwareRenderer( 1746): Backbuffer cannot be preserved
I/Main Activity( 2036): onStop event fired
D/EGL_emulation( 2036): eglMakeCurrent: 0xb7ce3cb0: ver 3 0
E/SoundPool( 1578): error loading /system/media/audio/ui/Effect_Tick.ogg
W/AudioService( 1578): Soundpool could not load file: /system/media/audio/ui/Effect_Tick.ogg
E/SoundPool( 1578): error loading /system/media/audio/ui/Effect_Tick.ogg
W/AudioService( 1578): Soundpool could not load file: /system/media/audio/ui/Effect_Tick.ogg
E/SoundPool( 1578): error loading /system/media/audio/ui/Effect_Tick.ogg
W/AudioService( 1578): Soundpool could not load file: /system/media/audio/ui/Effect_Tick.ogg
E/SoundPool( 1578): error loading /system/media/audio/ui/Effect_Tick.ogg
W/AudioService( 1578): Soundpool could not load file: /system/media/audio/ui/Effect_Tick.ogg
E/SoundPool( 1578): error loading /system/media/audio/ui/Effect_Tick.ogg
W/AudioService( 1578): Soundpool could not load file: /system/media/audio/ui/Effect_Tick.ogg
E/SoundPool( 1578): error loading /system/media/audio/ui/KeypressStandard.ogg
W/AudioService( 1578): Soundpool could not load file: /system/media/audio/ui/KeypressStandard.ogg
E/SoundPool( 1578): error loading /system/media/audio/ui/KeypressSpacebar.ogg
W/AudioService( 1578): Soundpool could not load file: /system/media/audio/ui/KeypressSpacebar.ogg
E/SoundPool( 1578): error loading /system/media/audio/ui/KeypressDelete.ogg
W/AudioService( 1578): Soundpool could not load file: /system/media/audio/ui/KeypressDelete.ogg
E/SoundPool( 1578): error loading /system/media/audio/ui/KeypressReturn.ogg
W/AudioService( 1578): Soundpool could not load file: /system/media/audio/ui/KeypressReturn.ogg
E/SoundPool( 1578): error loading /system/media/audio/ui/KeypressInvalid.ogg
W/AudioService( 1578): Soundpool could not load file: /system/media/audio/ui/KeypressInvalid.ogg
W/AudioService( 1578): onLoadSoundEffects(), Error -1 while loading samples
D/dalvikvm( 1746): GC_FOR_ALLOC freed 768K, 14% free 5817K/6688K, paused 4ms, total 4ms
D/dalvikvm( 1746): GC_FOR_ALLOC freed 96K, 10% free 6230K/6916K, paused 5ms, total 6ms
D/dalvikvm( 1746): GC_FOR_ALLOC freed 84K, 10% free 6763K/7448K, paused 4ms, total 4ms
D/dalvikvm( 1704): GC_FOR_ALLOC freed 1128K, 18% free 6205K/7512K, paused 7ms, total 8ms
V/RenderScript( 1746): 0xb7f12860 Launching thread(s), CPUs 2
D/Launcher.Model( 1746): DbDebug    Add item (activityspy) to db, id: 13 (-100, 2, 0, 0)
D/dalvikvm( 1746): GC_FOR_ALLOC freed 371K, 9% free 7491K/8184K, paused 3ms, total 3ms
E/SoundPool( 1578): error loading /system/media/audio/ui/Effect_Tick.ogg
W/AudioService( 1578): Soundpool could not load file: /system/media/audio/ui/Effect_Tick.ogg
E/SoundPool( 1578): error loading /system/media/audio/ui/Effect_Tick.ogg
W/AudioService( 1578): Soundpool could not load file: /system/media/audio/ui/Effect_Tick.ogg
E/SoundPool( 1578): error loading /system/media/audio/ui/Effect_Tick.ogg
W/AudioService( 1578): Soundpool could not load file: /system/media/audio/ui/Effect_Tick.ogg
E/SoundPool( 1578): error loading /system/media/audio/ui/Effect_Tick.ogg
W/AudioService( 1578): Soundpool could not load file: /system/media/audio/ui/Effect_Tick.ogg
E/SoundPool( 1578): error loading /system/media/audio/ui/Effect_Tick.ogg
W/AudioService( 1578): Soundpool could not load file: /system/media/audio/ui/Effect_Tick.ogg
E/SoundPool( 1578): error loading /system/media/audio/ui/KeypressStandard.ogg
W/AudioService( 1578): Soundpool could not load file: /system/media/audio/ui/KeypressStandard.ogg
E/SoundPool( 1578): error loading /system/media/audio/ui/KeypressSpacebar.ogg
W/AudioService( 1578): Soundpool could not load file: /system/media/audio/ui/KeypressSpacebar.ogg
E/SoundPool( 1578): error loading /system/media/audio/ui/KeypressDelete.ogg
W/AudioService( 1578): Soundpool could not load file: /system/media/audio/ui/KeypressDelete.ogg
E/SoundPool( 1578): error loading /system/media/audio/ui/KeypressReturn.ogg
W/AudioService( 1578): Soundpool could not load file: /system/media/audio/ui/KeypressReturn.ogg
E/SoundPool( 1578): error loading /system/media/audio/ui/KeypressInvalid.ogg
W/AudioService( 1578): Soundpool could not load file: /system/media/audio/ui/KeypressInvalid.ogg
W/AudioService( 1578): onLoadSoundEffects(), Error -1 while loading samples
I/ActivityManager( 1578): START u0 {act=android.intent.action.MAIN cat=[android.intent.category.LAUNCHER] flg=0x10200000 cmp=activityspy.mattw95.washington.edu.activityspy/.MainActivity bnds=[0,105][120,255]} from pid 1746
D/dalvikvm( 1578): GC_FOR_ALLOC freed 401K, 19% free 7374K/9040K, paused 10ms, total 11ms
D/EGL_emulation( 2036): eglMakeCurrent: 0xb7ce3cb0: ver 3 0
I/Main Activity( 2036): onRestart event fired
I/Main Activity( 2036): onStart event fired
I/Main Activity( 2036): onResume event fired
D/EGL_emulation( 2036): eglMakeCurrent: 0xb7ce3cb0: ver 3 0
E/EGL_emulation( 2036): tid 2036: eglSurfaceAttrib(1199): error 0x3009 (EGL_BAD_MATCH)
W/HardwareRenderer( 2036): Backbuffer cannot be preserved
D/EGL_emulation( 1746): eglMakeCurrent: 0xb7d17fa0: ver 3 0
D/gralloc_ranchu( 1141): gralloc_alloc: Creating ashmem region of size 405504
D/dalvikvm( 1578): GC_FOR_ALLOC freed 250K, 19% free 7350K/9040K, paused 8ms, total 8ms
D/gralloc_ranchu( 1141): gralloc_alloc: Creating ashmem region of size 405504
D/        ( 1578): HostConnection::get() New Host Connection established 0xb7dbafa0, tid 1648
D/dalvikvm( 1578): GC_FOR_ALLOC freed 215K, 19% free 7345K/9040K, paused 8ms, total 8ms
I/Main Activity( 2036): onPause event fired
I/ActivityManager( 1578): START u0 {act=android.intent.action.MAIN cat=[android.intent.category.HOME] flg=0x10200000 cmp=com.android.launcher/com.android.launcher2.Launcher} from pid 1578
D/EGL_emulation( 1746): eglMakeCurrent: 0xb7d17fa0: ver 3 0
D/EGL_emulation( 1746): eglMakeCurrent: 0xb7d17fa0: ver 3 0
E/EGL_emulation( 1746): tid 1746: eglSurfaceAttrib(1199): error 0x3009 (EGL_BAD_MATCH)
W/HardwareRenderer( 1746): Backbuffer cannot be preserved
I/Main Activity( 2036): onStop event fired
D/EGL_emulation( 2036): eglMakeCurrent: 0xb7ce3cb0: ver 3 0
W/ActivityManager( 1578): Unable to start service Intent { act=com.google.android.gms.drive.ApiService.RESET_AFTER_BOOT flg=0x4 cmp=com.google.android.gms/.drive.api.ApiService (has extras) } U=0: not found
I/dumpstate( 2676): begin
D/dalvikvm( 2171): GC_FOR_ALLOC freed 691K, 16% free 5443K/6460K, paused 4ms, total 7ms
I/dalvikvm( 2171): Rejecting re-init on previously-failed class Lcom/google/ccc/abuse/droidguard/DroidGuard; v=0x0
W/dalvikvm( 2171): Class init failed in Constructor.constructNative (Lcom/google/ccc/abuse/droidguard/DroidGuard;)
D/EGL_emulation( 2171): eglCreateContext: 0xb7cffda0: maj 3 min 0 rcv 3
D/EGL_emulation( 2171): eglMakeCurrent: 0xb7cffda0: ver 3 0
E/eglCodecCommon( 2171): glUtilsParamSize: unknow param 0x00008cdf
E/eglCodecCommon( 2171): glUtilsParamSize: unknow param 0x00008824
I/dalvikvm( 1578): threadid=3: reacting to signal 3
I/dalvikvm( 1578): Wrote stack traces to '/data/anr/traces.txt'
I/dalvikvm( 1634): threadid=3: reacting to signal 3
I/dalvikvm( 1634): Wrote stack traces to '/data/anr/traces.txt'
I/dalvikvm( 1670): threadid=3: reacting to signal 3
I/dalvikvm( 1670): Wrote stack traces to '/data/anr/traces.txt'
I/dalvikvm( 1686): threadid=3: reacting to signal 3
I/dalvikvm( 1686): Wrote stack traces to '/data/anr/traces.txt'
I/dalvikvm( 1704): threadid=3: reacting to signal 3
I/dalvikvm( 1704): Wrote stack traces to '/data/anr/traces.txt'
I/dalvikvm( 1738): threadid=3: reacting to signal 3
I/dalvikvm( 1738): Wrote stack traces to '/data/anr/traces.txt'
I/dalvikvm( 1746): threadid=3: reacting to signal 3
I/dalvikvm( 1746): Wrote stack traces to '/data/anr/traces.txt'
I/dalvikvm( 1785): threadid=3: reacting to signal 3
I/dalvikvm( 1785): Wrote stack traces to '/data/anr/traces.txt'
I/dalvikvm( 1819): threadid=3: reacting to signal 3
I/dalvikvm( 1819): Wrote stack traces to '/data/anr/traces.txt'
I/dalvikvm( 1927): threadid=3: reacting to signal 3
I/dalvikvm( 1927): Wrote stack traces to '/data/anr/traces.txt'
I/dalvikvm( 2036): threadid=3: reacting to signal 3
I/dalvikvm( 2036): Wrote stack traces to '/data/anr/traces.txt'
I/dalvikvm( 2049): threadid=3: reacting to signal 3
I/dalvikvm( 2049): Wrote stack traces to '/data/anr/traces.txt'
I/dalvikvm( 2115): threadid=3: reacting to signal 3
I/dalvikvm( 2115): Wrote stack traces to '/data/anr/traces.txt'
I/dalvikvm( 2138): threadid=3: reacting to signal 3
I/dalvikvm( 2138): Wrote stack traces to '/data/anr/traces.txt'
I/dalvikvm( 2152): threadid=3: reacting to signal 3
I/dalvikvm( 2152): Wrote stack traces to '/data/anr/traces.txt'
I/dalvikvm( 2171): threadid=3: reacting to signal 3
I/dalvikvm( 2171): Wrote stack traces to '/data/anr/traces.txt'
I/dalvikvm( 2207): threadid=3: reacting to signal 3
I/dalvikvm( 2207): Wrote stack traces to '/data/anr/traces.txt'
I/dalvikvm( 2232): threadid=3: reacting to signal 3
I/dalvikvm( 2232): Wrote stack traces to '/data/anr/traces.txt'
I/dalvikvm( 2384): threadid=3: reacting to signal 3
I/dalvikvm( 2384): Wrote stack traces to '/data/anr/traces.txt'
I/dalvikvm( 2409): threadid=3: reacting to signal 3
I/dalvikvm( 2409): Wrote stack traces to '/data/anr/traces.txt'
I/dalvikvm( 2446): threadid=3: reacting to signal 3
I/dalvikvm( 2446): Wrote stack traces to '/data/anr/traces.txt'
I/dalvikvm( 2466): threadid=3: reacting to signal 3
I/dalvikvm( 2466): Wrote stack traces to '/data/anr/traces.txt'
I/dalvikvm( 2510): threadid=3: reacting to signal 3
I/dalvikvm( 2510): Wrote stack traces to '/data/anr/traces.txt'
I/dalvikvm( 2528): threadid=3: reacting to signal 3
I/dalvikvm( 2528): Wrote stack traces to '/data/anr/traces.txt'
I/dalvikvm( 2555): threadid=3: reacting to signal 3
I/dalvikvm( 2555): Wrote stack traces to '/data/anr/traces.txt'
D/SettingsProvider( 1578): User 0 external modification to /data/data/com.android.providers.settings/databases/settings.db; event=8
D/SettingsProvider( 1578): User 0 updating our caches for /data/data/com.android.providers.settings/databases/settings.db
D/dalvikvm( 1578): GC_FOR_ALLOC freed 1046K, 18% free 7458K/9040K, paused 9ms, total 9ms
D/dalvikvm( 1578): GC_FOR_ALLOC freed 1136K, 17% free 7510K/9040K, paused 11ms, total 11ms
W/BatteryStatsImpl( 1578): Couldn't get kernel wake lock stats
D/dalvikvm( 1578): GC_FOR_ALLOC freed 769K, 17% free 7558K/9040K, paused 9ms, total 9ms
D/dalvikvm( 1704): GC_FOR_ALLOC freed 1299K, 20% free 6089K/7552K, paused 6ms, total 7ms
D/dalvikvm( 1819): GC_FOR_ALLOC freed 434K, 31% free 4300K/6212K, paused 3ms, total 3ms
D/dalvikvm( 2049): GC_FOR_ALLOC freed 1440K, 19% free 6956K/8560K, paused 9ms, total 9ms
D/dalvikvm( 2152): GC_FOR_ALLOC freed 315K, 13% free 2923K/3340K, paused 2ms, total 2ms
D/dalvikvm( 2138): GC_FOR_ALLOC freed 418K, 16% free 2810K/3336K, paused 3ms, total 3ms
D/dalvikvm( 2446): GC_FOR_ALLOC freed 289K, 12% free 2942K/3340K, paused 6ms, total 6ms
D/dalvikvm( 1670): GC_FOR_ALLOC freed 380K, 14% free 3091K/3568K, paused 4ms, total 4ms
D/dalvikvm( 1578): GC_FOR_ALLOC freed 1084K, 16% free 7644K/9040K, paused 8ms, total 8ms
D/dalvikvm( 1738): GC_FOR_ALLOC freed 567K, 18% free 3290K/3996K, paused 2ms, total 2ms
D/dalvikvm( 1704): GC_FOR_ALLOC freed 531K, 20% free 6043K/7552K, paused 6ms, total 7ms
D/PermissionCache( 1144): checking android.permission.DUMP for uid=2000 => granted (128 us)
V/EmulatedCamera_Camera( 1144): getCameraInfo
V/EmulatedCamera_BaseCamera( 1144): getCameraInfo
V/EmulatedCamera_Camera( 1144): getCameraInfo
V/EmulatedCamera_BaseCamera( 1144): getCameraInfo
D/dalvikvm( 2510): GC_FOR_ALLOC freed 343K, 14% free 2896K/3340K, paused 3ms, total 3ms
D/dalvikvm( 2115): GC_FOR_ALLOC freed 386K, 15% free 2841K/3336K, paused 3ms, total 3ms
D/dalvikvm( 1686): GC_FOR_ALLOC freed 433K, 15% free 3037K/3568K, paused 3ms, total 3ms
D/dalvikvm( 1578): GC_FOR_ALLOC freed 825K, 17% free 7539K/9040K, paused 8ms, total 8ms
D/dalvikvm( 1578): GC_FOR_ALLOC freed 1194K, 17% free 7554K/9040K, paused 11ms, total 12ms
E/jdwp    ( 2859): Failed sending reply to debugger: Broken pipe
D/dalvikvm( 2859): Debugger has detached; object registry had 1 entries
I/ActivityManager( 1578): Start proc com.android.printspooler for service com.android.printspooler/.PrintSpoolerService: pid=2859 uid=10044 gids={50044}
I/PrintSpoolerService( 2859): No existing print spooler state.
D/dalvikvm( 1578): GC_FOR_ALLOC freed 630K, 17% free 7579K/9040K, paused 8ms, total 8ms
D/dalvikvm( 1578): GC_FOR_ALLOC freed 639K, 16% free 7614K/9040K, paused 8ms, total 8ms
D/PermissionCache( 1578): checking android.permission.DUMP for uid=2000 => granted (331 us)
D/dalvikvm( 1578): GC_FOR_ALLOC freed 1212K, 17% free 7567K/9040K, paused 8ms, total 8ms
W/BatteryStatsImpl( 1578): Couldn't get kernel wake lock stats
D/dalvikvm( 1578): GC_FOR_ALLOC freed 562K, 16% free 7603K/9040K, paused 8ms, total 8ms
D/dalvikvm( 1578): GC_FOR_ALLOC freed 497K, 16% free 7663K/9040K, paused 8ms, total 8ms
W/ResourceType( 1746): No known package when getting name for resource number 0x9c010003
W/ResourceType( 1746): No known package when getting name for resource number 0x9c020100
W/ResourceType( 1746): No known package when getting name for resource number 0x9c020000
W/ResourceType( 1746): No known package when getting name for resource number 0x9c030203
W/ResourceType( 1746): No known package when getting name for resource number 0x9b000000
W/ResourceType( 1746): No known package when getting name for resource number 0x9b010100
W/ResourceType( 1746): No known package when getting name for resource number 0x9b030300
W/ResourceType( 1746): No known package when getting name for resource number 0x9b040400
W/ResourceType( 1746): No package identifier when getting name for resource number 0x00000014
W/ResourceType( 1746): No package identifier when getting name for resource number 0x00000015
W/ResourceType( 1746): No package identifier when getting name for resource number 0x00000016
W/ResourceType( 1746): No package identifier when getting name for resource number 0x00000017
W/ResourceType( 1746): No package identifier when getting name for resource number 0x00000018
W/ResourceType( 1746): No package identifier when getting name for resource number 0x00000019
W/ResourceType( 1746): No package identifier when getting name for resource number 0x0000001a
W/ResourceType( 1746): No package identifier when getting name for resource number 0x0000001b
W/ResourceType( 1746): No package identifier when getting name for resource number 0x00000001
W/ResourceType( 1746): No package identifier when getting name for resource number 0x00000002
W/ResourceType( 1746): No package identifier when getting name for resource number 0x00000003
W/ResourceType( 1746): No package identifier when getting name for resource number 0x00000004
W/ResourceType( 1746): No package identifier when getting name for resource number 0x00000005
W/ResourceType( 1746): No package identifier when getting name for resource number 0x00000006
W/ResourceType( 1746): No package identifier when getting name for resource number 0x00000007
W/ResourceType( 1746): No package identifier when getting name for resource number 0x00000008
W/ResourceType( 1746): No package identifier when getting name for resource number 0x00000009
W/ResourceType( 1746): No package identifier when getting name for resource number 0x0000000a
W/ResourceType( 1746): No package identifier when getting name for resource number 0x0000000b
W/ResourceType( 1746): No package identifier when getting name for resource number 0x0000000c
W/ResourceType( 1746): No package identifier when getting name for resource number 0x0000000d
W/ResourceType( 1746): No package identifier when getting name for resource number 0x0000000e
W/ResourceType( 1746): No package identifier when getting name for resource number 0x0000000f
W/ResourceType( 1746): No package identifier when getting name for resource number 0x00000010
W/ResourceType( 1746): No package identifier when getting name for resource number 0x00000011
W/ResourceType( 1746): No package identifier when getting name for resource number 0x00000012
W/ResourceType( 1746): No package identifier when getting name for resource number 0x00000013
D/dalvikvm( 1704): GC_FOR_ALLOC freed 703K, 21% free 6025K/7552K, paused 7ms, total 7ms
D/dalvikvm( 2049): GC_FOR_ALLOC freed 1027K, 20% free 6866K/8560K, paused 10ms, total 10ms
D/dalvikvm( 1819): GC_EXPLICIT freed 444K, 31% free 4291K/6212K, paused 0ms+1ms, total 6ms
D/dalvikvm( 1704): GC_EXPLICIT freed 421K, 19% free 6174K/7552K, paused 1ms+2ms, total 12ms
D/dalvikvm( 1819): GC_EXPLICIT freed 136K, 31% free 4290K/6212K, paused 0ms+1ms, total 7ms
D/dalvikvm( 1819): GC_EXPLICIT freed 138K, 31% free 4287K/6212K, paused 1ms+1ms, total 6ms
D/dalvikvm( 1704): GC_EXPLICIT freed 626K, 19% free 6182K/7552K, paused 1ms+1ms, total 9ms
D/dalvikvm( 1738): GC_FOR_ALLOC freed 477K, 17% free 3325K/3996K, paused 3ms, total 3ms
I/dalvikvm( 1704): Could not find method android.system.Os.symlink, referenced from method cuf.a
W/dalvikvm( 1704): VFY: unable to resolve static method 3049: Landroid/system/Os;.symlink (Ljava/lang/String;Ljava/lang/String;)V
D/dalvikvm( 1704): VFY: replacing opcode 0x71 at 0x002c
I/dalvikvm( 1704): Could not find method android.content.Context.isDeviceProtectedStorage, referenced from method keh.<init>
W/dalvikvm( 1704): VFY: unable to resolve virtual method 2392: Landroid/content/Context;.isDeviceProtectedStorage ()Z
D/dalvikvm( 1704): VFY: replacing opcode 0x6e at 0x0057
D/dalvikvm( 1704): GC_FOR_ALLOC freed 671K, 20% free 6100K/7552K, paused 8ms, total 8ms
D/dalvikvm( 2409): GC_FOR_ALLOC freed 406K, 17% free 3103K/3720K, paused 3ms, total 3ms
D/dalvikvm( 1670): GC_FOR_ALLOC freed 615K, 21% free 2945K/3692K, paused 2ms, total 2ms
D/dalvikvm( 2049): GC_FOR_ALLOC freed 439K, 21% free 6845K/8560K, paused 8ms, total 8ms
D/dalvikvm( 1738): GC_FOR_ALLOC freed 501K, 17% free 3333K/3996K, paused 3ms, total 3ms
I/dumpstate( 2676): done
D/dalvikvm( 1704): GC_FOR_ALLOC freed 831K, 20% free 6073K/7552K, paused 7ms, total 7ms
W/Conscrypt( 1704): Could not set socket write timeout: java.lang.reflect.InvocationTargetException
W/Conscrypt( 1704): 	at java.lang.reflect.Method.invokeNative(Native Method)
W/Conscrypt( 1704): 	at java.lang.reflect.Method.invoke(Method.java:515)
W/Conscrypt( 1704): Caused by: libcore.io.ErrnoException: setsockopt failed: EBADF (Bad file number)
W/Conscrypt( 1704): 	at libcore.io.Posix.setsockoptTimeval(Native Method)
W/Conscrypt( 1704): 	at libcore.io.ForwardingOs.setsockoptTimeval(ForwardingOs.java:126)
D/dalvikvm( 1704): GC_FOR_ALLOC freed 1078K, 19% free 6134K/7552K, paused 6ms, total 6ms
W/Conscrypt( 1704): Could not set socket write timeout: java.lang.reflect.InvocationTargetException
W/Conscrypt( 1704): 	at java.lang.reflect.Method.invokeNative(Native Method)
W/Conscrypt( 1704): 	at java.lang.reflect.Method.invoke(Method.java:515)
W/Conscrypt( 1704): Caused by: libcore.io.ErrnoException: setsockopt failed: EBADF (Bad file number)
W/Conscrypt( 1704): 	at libcore.io.Posix.setsockoptTimeval(Native Method)
W/Conscrypt( 1704): 	at libcore.io.ForwardingOs.setsockoptTimeval(ForwardingOs.java:126)
I/ActivityManager( 1578): Killing 2207:com.android.dialer/u0a4 (adj 15): empty #17
D/dalvikvm( 1578): GC_FOR_ALLOC freed 1227K, 16% free 7675K/9040K, paused 12ms, total 12ms
I/dalvikvm( 2171): Rejecting re-init on previously-failed class Lcom/google/ccc/abuse/droidguard/DroidGuard; v=0x0
W/dalvikvm( 2171): Class init failed in Constructor.constructNative (Lcom/google/ccc/abuse/droidguard/DroidGuard;)
D/dalvikvm( 2171): GC_FOR_ALLOC freed 886K, 17% free 5421K/6460K, paused 5ms, total 5ms
D/EGL_emulation( 2171): eglCreateContext: 0xb7d18730: maj 3 min 0 rcv 3
D/EGL_emulation( 2171): eglMakeCurrent: 0xb7d18730: ver 3 0
E/eglCodecCommon( 2171): glUtilsParamSize: unknow param 0x00008cdf
E/eglCodecCommon( 2171): glUtilsParamSize: unknow param 0x00008824
D/AndroidRuntime( 3012): 
D/AndroidRuntime( 3012): >>>>>> AndroidRuntime START com.android.internal.os.RuntimeInit <<<<<<
W/linker  ( 3012): libdvm.so has text relocations. This is wasting memory and is a security risk. Please fix.
D/AndroidRuntime( 3012): CheckJNI is ON
D/dalvikvm( 3012): Trying to load lib libjavacore.so 0x0
D/dalvikvm( 3012): Added shared lib libjavacore.so 0x0
D/dalvikvm( 3012): Trying to load lib libnativehelper.so 0x0
D/dalvikvm( 3012): Added shared lib libnativehelper.so 0x0
D/dalvikvm( 3012): No JNI_OnLoad found in libnativehelper.so 0x0, skipping init
D/dalvikvm( 3012): Note: class Landroid/app/ActivityManagerNative; has 179 unimplemented (abstract) methods
E/memtrack( 3012): Couldn't load memtrack module (No such file or directory)
E/android.os.Debug( 3012): failed to load memtrack module: -2
D/AndroidRuntime( 3012): Calling main entry com.android.commands.am.Am
I/ActivityManager( 1578): Force stopping activityspy.mattw95.washington.edu.activityspy appid=10058 user=0: from pid 3012
I/ActivityManager( 1578): Killing 2036:activityspy.mattw95.washington.edu.activityspy/u0a58 (adj 7): stop activityspy.mattw95.washington.edu.activityspy
I/ActivityManager( 1578):   Force finishing activity ActivityRecord{afb60c80 u0 activityspy.mattw95.washington.edu.activityspy/.MainActivity t2}
D/AndroidRuntime( 3012): Shutting down VM
D/jdwp    ( 3012): Got wake-up signal, bailing out of select
D/dalvikvm( 3012): Debugger has detached; object registry had 1 entries
I/WindowState( 1578): WIN DEATH: Window{affe4040 u0 activityspy.mattw95.washington.edu.activityspy/activityspy.mattw95.washington.edu.activityspy.MainActivity}
I/dalvikvm( 2171): Rejecting re-init on previously-failed class Lcom/google/ccc/abuse/droidguard/DroidGuard; v=0x0
W/dalvikvm( 2171): Class init failed in Constructor.constructNative (Lcom/google/ccc/abuse/droidguard/DroidGuard;)
D/EGL_emulation( 2171): eglCreateContext: 0xb7d11bf0: maj 3 min 0 rcv 3
D/EGL_emulation( 2171): eglMakeCurrent: 0xb7d11bf0: ver 3 0
E/eglCodecCommon( 2171): glUtilsParamSize: unknow param 0x00008cdf
E/eglCodecCommon( 2171): glUtilsParamSize: unknow param 0x00008824
I/Auth    ( 1819): [ReflectiveChannelBinder] Successfully bound channel!
W/Conscrypt( 1819): Could not set socket write timeout: java.lang.reflect.InvocationTargetException
W/Conscrypt( 1819): 	at java.lang.reflect.Method.invokeNative(Native Method)
W/Conscrypt( 1819): 	at java.lang.reflect.Method.invoke(Method.java:515)
W/Conscrypt( 1819): Caused by: libcore.io.ErrnoException: setsockopt failed: EBADF (Bad file number)
W/Conscrypt( 1819): 	at libcore.io.Posix.setsockoptTimeval(Native Method)
W/Conscrypt( 1819): 	at libcore.io.ForwardingOs.setsockoptTimeval(ForwardingOs.java:126)
D/dalvikvm( 1819): GC_FOR_ALLOC freed 533K, 31% free 4297K/6212K, paused 4ms, total 4ms
W/Conscrypt( 1819): Could not set socket write timeout: java.lang.reflect.InvocationTargetException
W/Conscrypt( 1819): 	at java.lang.reflect.Method.invokeNative(Native Method)
W/Conscrypt( 1819): 	at java.lang.reflect.Method.invoke(Method.java:515)
W/Conscrypt( 1819): Caused by: libcore.io.ErrnoException: setsockopt failed: EBADF (Bad file number)
W/Conscrypt( 1819): 	at libcore.io.Posix.setsockoptTimeval(Native Method)
W/Conscrypt( 1819): 	at libcore.io.ForwardingOs.setsockoptTimeval(ForwardingOs.java:126)
W/GLSUser ( 1819): [AppCertManager] IOException while requesting key: 
W/GLSUser ( 1819): java.io.IOException: Invalid device key response.
W/GLSUser ( 1819): 	at gdd.a(com.google.android.gms@12221030@12.2.21 (030-188803320):12)
W/GLSUser ( 1819): 	at gdd.a(com.google.android.gms@12221030@12.2.21 (030-188803320):64)
W/GLSUser ( 1819): 	at gdb.a(com.google.android.gms@12221030@12.2.21 (030-188803320):8)
W/GLSUser ( 1819): 	at gcx.a(com.google.android.gms@12221030@12.2.21 (030-188803320):1)
W/GLSUser ( 1819): 	at gcw.a(com.google.android.gms@12221030@12.2.21 (030-188803320):10)
W/GLSUser ( 1819): 	at com.google.android.gms.auth.account.be.legacy.AuthCronChimeraService.b(com.google.android.gms@12221030@12.2.21 (030-188803320):7)
W/GLSUser ( 1819): 	at ffx.call(com.google.android.gms@12221030@12.2.21 (030-188803320):3)
W/GLSUser ( 1819): 	at java.util.concurrent.FutureTask.run(FutureTask.java:237)
W/GLSUser ( 1819): 	at kot.run(com.google.android.gms@12221030@12.2.21 (030-188803320):26)
W/GLSUser ( 1819): 	at java.util.concurrent.ThreadPoolExecutor.runWorker(ThreadPoolExecutor.java:1112)
W/GLSUser ( 1819): 	at java.util.concurrent.ThreadPoolExecutor$Worker.run(ThreadPoolExecutor.java:587)
W/GLSUser ( 1819): 	at kus.run(com.google.android.gms@12221030@12.2.21 (030-188803320))
W/GLSUser ( 1819): 	at java.lang.Thread.run(Thread.java:841)
D/dalvikvm( 2171): GC_FOR_ALLOC freed 875K, 16% free 5447K/6460K, paused 5ms, total 5ms
I/dalvikvm( 2171): Rejecting re-init on previously-failed class Lcom/google/ccc/abuse/droidguard/DroidGuard; v=0x0
W/dalvikvm( 2171): Class init failed in Constructor.constructNative (Lcom/google/ccc/abuse/droidguard/DroidGuard;)
D/        ( 2171): HostConnection::get() New Host Connection established 0xb7c4bba0, tid 2196
D/EGL_emulation( 2171): eglCreateContext: 0xb7d0a6a0: maj 3 min 0 rcv 3
D/EGL_emulation( 2171): eglMakeCurrent: 0xb7d0a6a0: ver 3 0
E/eglCodecCommon( 2171): glUtilsParamSize: unknow param 0x00008cdf
E/eglCodecCommon( 2171): glUtilsParamSize: unknow param 0x00008824
E/SoundPool( 1578): error loading /system/media/audio/ui/Effect_Tick.ogg
W/AudioService( 1578): Soundpool could not load file: /system/media/audio/ui/Effect_Tick.ogg
E/SoundPool( 1578): error loading /system/media/audio/ui/Effect_Tick.ogg
W/AudioService( 1578): Soundpool could not load file: /system/media/audio/ui/Effect_Tick.ogg
E/SoundPool( 1578): error loading /system/media/audio/ui/Effect_Tick.ogg
W/AudioService( 1578): Soundpool could not load file: /system/media/audio/ui/Effect_Tick.ogg
E/SoundPool( 1578): error loading /system/media/audio/ui/Effect_Tick.ogg
W/AudioService( 1578): Soundpool could not load file: /system/media/audio/ui/Effect_Tick.ogg
E/SoundPool( 1578): error loading /system/media/audio/ui/Effect_Tick.ogg
W/AudioService( 1578): Soundpool could not load file: /system/media/audio/ui/Effect_Tick.ogg
E/SoundPool( 1578): error loading /system/media/audio/ui/KeypressStandard.ogg
W/AudioService( 1578): Soundpool could not load file: /system/media/audio/ui/KeypressStandard.ogg
E/SoundPool( 1578): error loading /system/media/audio/ui/KeypressSpacebar.ogg
W/AudioService( 1578): Soundpool could not load file: /system/media/audio/ui/KeypressSpacebar.ogg
E/SoundPool( 1578): error loading /system/media/audio/ui/KeypressDelete.ogg
W/AudioService( 1578): Soundpool could not load file: /system/media/audio/ui/KeypressDelete.ogg
E/SoundPool( 1578): error loading /system/media/audio/ui/KeypressReturn.ogg
W/AudioService( 1578): Soundpool could not load file: /system/media/audio/ui/KeypressReturn.ogg
E/SoundPool( 1578): error loading /system/media/audio/ui/KeypressInvalid.ogg
W/AudioService( 1578): Soundpool could not load file: /system/media/audio/ui/KeypressInvalid.ogg
W/AudioService( 1578): onLoadSoundEffects(), Error -1 while loading samples
I/ActivityManager( 1578): START u0 {act=android.intent.action.MAIN cat=[android.intent.category.LAUNCHER] flg=0x10200000 cmp=activityspy.mattw95.washington.edu.activityspy/.MainActivity bnds=[0,105][120,255]} from pid 1746
D/dalvikvm( 1578): GC_FOR_ALLOC freed 243K, 16% free 7622K/9040K, paused 16ms, total 17ms
I/dalvikvm-heap( 1578): Grow heap (frag case) to 7.648MB for 107268-byte allocation
D/dalvikvm( 1578): GC_FOR_ALLOC freed 3K, 16% free 7723K/9148K, paused 10ms, total 10ms
D/dalvikvm( 3036): Not late-enabling CheckJNI (already on)
D/gralloc_ranchu( 1141): gralloc_alloc: Creating ashmem region of size 1536000
I/ActivityManager( 1578): Start proc activityspy.mattw95.washington.edu.activityspy for activity activityspy.mattw95.washington.edu.activityspy/.MainActivity: pid=3036 uid=10058 gids={50058}
E/jdwp    ( 3036): Failed sending reply to debugger: Broken pipe
D/dalvikvm( 3036): Debugger has detached; object registry had 1 entries
D/EGL_emulation( 1746): eglMakeCurrent: 0xb7d17fa0: ver 3 0
D/EGL_emulation( 1746): eglMakeCurrent: 0xb7d17fa0: ver 3 0
I/dalvikvm( 3036): Could not find method android.view.Window$Callback.onPointerCaptureChanged, referenced from method android.support.v7.view.WindowCallbackWrapper.onPointerCaptureChanged
W/dalvikvm( 3036): VFY: unable to resolve interface method 13835: Landroid/view/Window$Callback;.onPointerCaptureChanged (Z)V
D/dalvikvm( 3036): VFY: replacing opcode 0x72 at 0x0002
I/dalvikvm( 3036): Could not find method android.view.Window$Callback.onProvideKeyboardShortcuts, referenced from method android.support.v7.view.WindowCallbackWrapper.onProvideKeyboardShortcuts
D/EGL_emulation( 1746): eglMakeCurrent: 0xb7d17fa0: ver 3 0
W/dalvikvm( 3036): VFY: unable to resolve interface method 13837: Landroid/view/Window$Callback;.onProvideKeyboardShortcuts (Ljava/util/List;Landroid/view/Menu;I)V
D/dalvikvm( 3036): VFY: replacing opcode 0x72 at 0x0002
W/dalvikvm( 3036): VFY: unable to find class referenced in signature (Landroid/view/SearchEvent;)
I/dalvikvm( 3036): Could not find method android.view.Window$Callback.onSearchRequested, referenced from method android.support.v7.view.WindowCallbackWrapper.onSearchRequested
W/dalvikvm( 3036): VFY: unable to resolve interface method 13839: Landroid/view/Window$Callback;.onSearchRequested (Landroid/view/SearchEvent;)Z
D/dalvikvm( 3036): VFY: replacing opcode 0x72 at 0x0002
I/dalvikvm( 3036): Could not find method android.view.Window$Callback.onWindowStartingActionMode, referenced from method android.support.v7.view.WindowCallbackWrapper.onWindowStartingActionMode
W/dalvikvm( 3036): VFY: unable to resolve interface method 13843: Landroid/view/Window$Callback;.onWindowStartingActionMode (Landroid/view/ActionMode$Callback;I)Landroid/view/ActionMode;
D/dalvikvm( 3036): VFY: replacing opcode 0x72 at 0x0002
I/dalvikvm( 3036): Could not find method android.content.res.TypedArray.getChangingConfigurations, referenced from method android.support.v7.widget.TintTypedArray.getChangingConfigurations
W/dalvikvm( 3036): VFY: unable to resolve virtual method 846: Landroid/content/res/TypedArray;.getChangingConfigurations ()I
D/dalvikvm( 3036): VFY: replacing opcode 0x6e at 0x0002
I/dalvikvm( 3036): Could not find method android.content.res.TypedArray.getType, referenced from method android.support.v7.widget.TintTypedArray.getType
W/dalvikvm( 3036): VFY: unable to resolve virtual method 868: Landroid/content/res/TypedArray;.getType (I)I
D/dalvikvm( 3036): VFY: replacing opcode 0x6e at 0x0008
I/dalvikvm( 3036): Could not find method android.content.Context.createDeviceProtectedStorageContext, referenced from method android.support.v4.content.ContextCompat.createDeviceProtectedStorageContext
W/dalvikvm( 3036): VFY: unable to resolve virtual method 625: Landroid/content/Context;.createDeviceProtectedStorageContext ()Landroid/content/Context;
D/dalvikvm( 3036): VFY: replacing opcode 0x6e at 0x0006
