I/dalvikvm( 3036): Could not find method android.content.Context.getCodeCacheDir, referenced from method android.support.v4.content.ContextCompat.getCodeCacheDir
W/dalvikvm( 3036): VFY: unable to resolve virtual method 631: Landroid/content/Context;.getCodeCacheDir ()Ljava/io/File;
D/dalvikvm( 3036): VFY: replacing opcode 0x6e at 0x0006
I/dalvikvm( 3036): Could not find method android.content.Context.getColor, referenced from method android.support.v4.content.ContextCompat.getColor
W/dalvikvm( 3036): VFY: unable to resolve virtual method 632: Landroid/content/Context;.getColor (I)I
D/dalvikvm( 3036): VFY: replacing opcode 0x6e at 0x0006
I/dalvikvm( 3036): Could not find method android.content.Context.getColorStateList, referenced from method android.support.v4.content.ContextCompat.getColorStateList
W/dalvikvm( 3036): VFY: unable to resolve virtual method 633: Landroid/content/Context;.getColorStateList (I)Landroid/content/res/ColorStateList;
D/dalvikvm( 3036): VFY: replacing opcode 0x6e at 0x0006
I/dalvikvm( 3036): Could not find method android.content.Context.getDataDir, referenced from method android.support.v4.content.ContextCompat.getDataDir
W/dalvikvm( 3036): VFY: unable to resolve virtual method 635: Landroid/content/Context;.getDataDir ()Ljava/io/File;
D/dalvikvm( 3036): VFY: replacing opcode 0x6e at 0x0006
I/dalvikvm( 3036): Could not find method android.content.Context.getDrawable, referenced from method android.support.v4.content.ContextCompat.getDrawable
W/dalvikvm( 3036): VFY: unable to resolve virtual method 636: Landroid/content/Context;.getDrawable (I)Landroid/graphics/drawable/Drawable;
D/dalvikvm( 3036): VFY: replacing opcode 0x6e at 0x0006
I/dalvikvm( 3036): Could not find method android.content.Context.getNoBackupFilesDir, referenced from method android.support.v4.content.ContextCompat.getNoBackupFilesDir
W/dalvikvm( 3036): VFY: unable to resolve virtual method 644: Landroid/content/Context;.getNoBackupFilesDir ()Ljava/io/File;
D/dalvikvm( 3036): VFY: replacing opcode 0x6e at 0x0006
I/dalvikvm( 3036): Could not find method android.content.Context.isDeviceProtectedStorage, referenced from method android.support.v4.content.ContextCompat.isDeviceProtectedStorage
W/dalvikvm( 3036): VFY: unable to resolve virtual method 657: Landroid/content/Context;.isDeviceProtectedStorage ()Z
D/dalvikvm( 3036): VFY: replacing opcode 0x6e at 0x0006
I/dalvikvm( 3036): Could not find method android.content.Context.startForegroundService, referenced from method android.support.v4.content.ContextCompat.startForegroundService
W/dalvikvm( 3036): VFY: unable to resolve virtual method 672: Landroid/content/Context;.startForegroundService (Landroid/content/Intent;)Landroid/content/ComponentName;
D/dalvikvm( 3036): VFY: replacing opcode 0x6e at 0x0006
I/Main Activity( 3036): onCreate event fired
I/dalvikvm( 3036): Could not find method android.widget.FrameLayout.startActionModeForChild, referenced from method android.support.v7.widget.ActionBarContainer.startActionModeForChild
W/dalvikvm( 3036): VFY: unable to resolve virtual method 14321: Landroid/widget/FrameLayout;.startActionModeForChild (Landroid/view/View;Landroid/view/ActionMode$Callback;I)Landroid/view/ActionMode;
D/dalvikvm( 3036): VFY: replacing opcode 0x6f at 0x0002
I/dalvikvm( 3036): Could not find method android.content.Context.getColorStateList, referenced from method android.support.v7.content.res.AppCompatResources.getColorStateList
W/dalvikvm( 3036): VFY: unable to resolve virtual method 633: Landroid/content/Context;.getColorStateList (I)Landroid/content/res/ColorStateList;
D/dalvikvm( 3036): VFY: replacing opcode 0x6e at 0x0006
I/dalvikvm( 3036): Could not find method android.content.res.Resources.getDrawable, referenced from method android.support.v7.widget.ResourcesWrapper.getDrawable
W/dalvikvm( 3036): VFY: unable to resolve virtual method 809: Landroid/content/res/Resources;.getDrawable (ILandroid/content/res/Resources$Theme;)Landroid/graphics/drawable/Drawable;
D/dalvikvm( 3036): VFY: replacing opcode 0x6e at 0x0002
I/dalvikvm( 3036): Could not find method android.content.res.Resources.getDrawableForDensity, referenced from method android.support.v7.widget.ResourcesWrapper.getDrawableForDensity
W/dalvikvm( 3036): VFY: unable to resolve virtual method 811: Landroid/content/res/Resources;.getDrawableForDensity (IILandroid/content/res/Resources$Theme;)Landroid/graphics/drawable/Drawable;
D/dalvikvm( 3036): VFY: replacing opcode 0x6e at 0x0002
E/dalvikvm( 3036): Could not find class 'android.graphics.drawable.RippleDrawable', referenced from method android.support.v7.widget.AppCompatImageHelper.hasOverlappingRendering
W/dalvikvm( 3036): VFY: unable to resolve instanceof 242 (Landroid/graphics/drawable/RippleDrawable;) in Landroid/support/v7/widget/AppCompatImageHelper;
D/dalvikvm( 3036): VFY: replacing opcode 0x20 at 0x000c
I/dalvikvm( 3036): Could not find method android.widget.TextView.getAutoSizeMaxTextSize, referenced from method android.support.v7.widget.AppCompatTextView.getAutoSizeMaxTextSize
W/dalvikvm( 3036): VFY: unable to resolve virtual method 14632: Landroid/widget/TextView;.getAutoSizeMaxTextSize ()I
D/dalvikvm( 3036): VFY: replacing opcode 0x6f at 0x0004
I/dalvikvm( 3036): Could not find method android.widget.TextView.getAutoSizeMinTextSize, referenced from method android.support.v7.widget.AppCompatTextView.getAutoSizeMinTextSize
W/dalvikvm( 3036): VFY: unable to resolve virtual method 14633: Landroid/widget/TextView;.getAutoSizeMinTextSize ()I
D/dalvikvm( 3036): VFY: replacing opcode 0x6f at 0x0004
I/dalvikvm( 3036): Could not find method android.widget.TextView.getAutoSizeStepGranularity, referenced from method android.support.v7.widget.AppCompatTextView.getAutoSizeStepGranularity
W/dalvikvm( 3036): VFY: unable to resolve virtual method 14634: Landroid/widget/TextView;.getAutoSizeStepGranularity ()I
D/dalvikvm( 3036): VFY: replacing opcode 0x6f at 0x0004
I/dalvikvm( 3036): Could not find method android.widget.TextView.getAutoSizeTextAvailableSizes, referenced from method android.support.v7.widget.AppCompatTextView.getAutoSizeTextAvailableSizes
W/dalvikvm( 3036): VFY: unable to resolve virtual method 14635: Landroid/widget/TextView;.getAutoSizeTextAvailableSizes ()[I
D/dalvikvm( 3036): VFY: replacing opcode 0x6f at 0x0004
I/dalvikvm( 3036): Could not find method android.widget.TextView.getAutoSizeTextType, referenced from method android.support.v7.widget.AppCompatTextView.getAutoSizeTextType
W/dalvikvm( 3036): VFY: unable to resolve virtual method 14636: Landroid/widget/TextView;.getAutoSizeTextType ()I
D/dalvikvm( 3036): VFY: replacing opcode 0x6f at 0x0005
I/dalvikvm( 3036): Could not find method android.widget.TextView.setAutoSizeTextTypeUniformWithConfiguration, referenced from method android.support.v7.widget.AppCompatTextView.setAutoSizeTextTypeUniformWithConfiguration
W/dalvikvm( 3036): VFY: unable to resolve virtual method 14682: Landroid/widget/TextView;.setAutoSizeTextTypeUniformWithConfiguration (IIII)V
D/dalvikvm( 3036): VFY: replacing opcode 0x6f at 0x0004
I/dalvikvm( 3036): Could not find method android.widget.TextView.setAutoSizeTextTypeUniformWithPresetSizes, referenced from method android.support.v7.widget.AppCompatTextView.setAutoSizeTextTypeUniformWithPresetSizes
W/dalvikvm( 3036): VFY: unable to resolve virtual method 14683: Landroid/widget/TextView;.setAutoSizeTextTypeUniformWithPresetSizes ([II)V
D/dalvikvm( 3036): VFY: replacing opcode 0x6f at 0x0004
I/dalvikvm( 3036): Could not find method android.widget.TextView.setAutoSizeTextTypeWithDefaults, referenced from method android.support.v7.widget.AppCompatTextView.setAutoSizeTextTypeWithDefaults
W/dalvikvm( 3036): VFY: unable to resolve virtual method 14684: Landroid/widget/TextView;.setAutoSizeTextTypeWithDefaults (I)V
D/dalvikvm( 3036): VFY: replacing opcode 0x6f at 0x0004
I/dalvikvm( 3036): Could not find method android.widget.TextView.getAutoSizeStepGranularity, referenced from method android.support.v7.widget.AppCompatTextHelper.loadFromAttributes
W/dalvikvm( 3036): VFY: unable to resolve virtual method 14634: Landroid/widget/TextView;.getAutoSizeStepGranularity ()I
D/dalvikvm( 3036): VFY: replacing opcode 0x6e at 0x0161
I/dalvikvm( 3036): Could not find method android.text.StaticLayout$Builder.obtain, referenced from method android.support.v7.widget.AppCompatTextViewAutoSizeHelper.createStaticLayoutForMeasuring
W/dalvikvm( 3036): VFY: unable to resolve static method 13098: Landroid/text/StaticLayout$Builder;.obtain (Ljava/lang/CharSequence;IILandroid/text/TextPaint;I)Landroid/text/StaticLayout$Builder;
D/dalvikvm( 3036): VFY: replacing opcode 0x71 at 0x0014
I/Main Activity( 3036): onStart event fired
I/Main Activity( 3036): onResume event fired
D/dalvikvm( 3036): GC_CONCURRENT freed 237K, 11% free 2902K/3240K, paused 1ms+1ms, total 5ms
D/        ( 3036): HostConnection::get() New Host Connection established 0xb7cdf580, tid 3036
D/EGL_emulation( 3036): eglCreateContext: 0xb7ce0190: maj 3 min 0 rcv 3
D/EGL_emulation( 3036): eglMakeCurrent: 0xb7ce0190: ver 3 0
E/eglCodecCommon( 3036): glUtilsParamSize: unknow param 0x00008cdf
E/eglCodecCommon( 3036): glUtilsParamSize: unknow param 0x00008824
E/EGL_emulation( 3036): tid 3036: eglSurfaceAttrib(1199): error 0x3009 (EGL_BAD_MATCH)
W/HardwareRenderer( 3036): Backbuffer cannot be preserved
D/OpenGLRenderer( 3036): Enabling debug mode 0
I/dalvikvm( 3036): Could not find method android.view.View.setTooltipText, referenced from method android.support.v7.widget.TooltipCompat.setTooltipText
W/dalvikvm( 3036): VFY: unable to resolve virtual method 13639: Landroid/view/View;.setTooltipText (Ljava/lang/CharSequence;)V
D/dalvikvm( 3036): VFY: replacing opcode 0x6e at 0x0006
I/ActivityManager( 1578): Displayed activityspy.mattw95.washington.edu.activityspy/.MainActivity: +262ms
D/dalvikvm( 2171): GC_FOR_ALLOC freed 671K, 16% free 5439K/6460K, paused 6ms, total 6ms
I/dalvikvm( 2171): Rejecting re-init on previously-failed class Lcom/google/ccc/abuse/droidguard/DroidGuard; v=0x0
W/dalvikvm( 2171): Class init failed in Constructor.constructNative (Lcom/google/ccc/abuse/droidguard/DroidGuard;)
D/EGL_emulation( 2171): eglCreateContext: 0xb7d0a100: maj 3 min 0 rcv 3
D/EGL_emulation( 2171): eglMakeCurrent: 0xb7d0a100: ver 3 0
E/eglCodecCommon( 2171): glUtilsParamSize: unknow param 0x00008cdf
E/eglCodecCommon( 2171): glUtilsParamSize: unknow param 0x00008824
D/gralloc_ranchu( 1141): gralloc_alloc: Creating ashmem region of size 405504
D/        ( 1578): HostConnection::get() New Host Connection established 0xb7dc4d30, tid 1770
D/dalvikvm( 1578): GC_FOR_ALLOC freed 316K, 18% free 7537K/9148K, paused 9ms, total 9ms
I/Main Activity( 3036): onPause event fired
D/EGL_emulation( 1746): eglMakeCurrent: 0xb7d17fa0: ver 3 0
E/EGL_emulation( 1746): tid 1746: eglSurfaceAttrib(1199): error 0x3009 (EGL_BAD_MATCH)
W/HardwareRenderer( 1746): Backbuffer cannot be preserved
D/EGL_emulation( 3036): eglMakeCurrent: 0xb7ce0190: ver 3 0
I/Main Activity( 3036): onStop event fired
I/Main Activity( 3036): onDestroy event fired
E/Main Activity( 3036): We're going down captain!
D/EGL_emulation( 3036): eglMakeCurrent: 0xb7ce0190: ver 3 0
I/ActivityManager( 1578): Killing 2384:com.google.android.gms.ui/u0a7 (adj 15): empty #17
D/dalvikvm( 2171): GC_FOR_ALLOC freed 612K, 16% free 5441K/6460K, paused 7ms, total 7ms
I/dalvikvm( 2171): Rejecting re-init on previously-failed class Lcom/google/ccc/abuse/droidguard/DroidGuard; v=0x0
W/dalvikvm( 2171): Class init failed in Constructor.constructNative (Lcom/google/ccc/abuse/droidguard/DroidGuard;)
D/EGL_emulation( 2171): eglCreateContext: 0xb7d302a0: maj 3 min 0 rcv 3
D/EGL_emulation( 2171): eglMakeCurrent: 0xb7d302a0: ver 3 0
E/eglCodecCommon( 2171): glUtilsParamSize: unknow param 0x00008cdf
E/eglCodecCommon( 2171): glUtilsParamSize: unknow param 0x00008824
D/dalvikvm( 1746): GC_FOR_ALLOC freed 1361K, 17% free 7690K/9164K, paused 4ms, total 4ms
E/SoundPool( 1578): error loading /system/media/audio/ui/Effect_Tick.ogg
W/AudioService( 1578): Soundpool could not load file: /system/media/audio/ui/Effect_Tick.ogg
E/SoundPool( 1578): error loading /system/media/audio/ui/Effect_Tick.ogg
W/AudioService( 1578): Soundpool could not load file: /system/media/audio/ui/Effect_Tick.ogg
E/SoundPool( 1578): error loading /system/media/audio/ui/Effect_Tick.ogg
W/AudioService( 1578): Soundpool could not load file: /system/media/audio/ui/Effect_Tick.ogg
E/SoundPool( 1578): error loading /system/media/audio/ui/Effect_Tick.ogg
W/AudioService( 1578): Soundpool could not load file: /system/media/audio/ui/Effect_Tick.ogg
E/SoundPool( 1578): error loading /system/media/audio/ui/Effect_Tick.ogg
W/AudioService( 1578): Soundpool could not load file: /system/media/audio/ui/Effect_Tick.ogg
E/SoundPool( 1578): error loading /system/media/audio/ui/KeypressStandard.ogg
W/AudioService( 1578): Soundpool could not load file: /system/media/audio/ui/KeypressStandard.ogg
E/SoundPool( 1578): error loading /system/media/audio/ui/KeypressSpacebar.ogg
W/AudioService( 1578): Soundpool could not load file: /system/media/audio/ui/KeypressSpacebar.ogg
E/SoundPool( 1578): error loading /system/media/audio/ui/KeypressDelete.ogg
W/AudioService( 1578): Soundpool could not load file: /system/media/audio/ui/KeypressDelete.ogg
E/SoundPool( 1578): error loading /system/media/audio/ui/KeypressReturn.ogg
W/AudioService( 1578): Soundpool could not load file: /system/media/audio/ui/KeypressReturn.ogg
E/SoundPool( 1578): error loading /system/media/audio/ui/KeypressInvalid.ogg
W/AudioService( 1578): Soundpool could not load file: /system/media/audio/ui/KeypressInvalid.ogg
W/AudioService( 1578): onLoadSoundEffects(), Error -1 while loading samples
I/ActivityManager( 1578): START u0 {act=android.intent.action.MAIN cat=[android.intent.category.LAUNCHER] flg=0x10200000 cmp=activityspy.mattw95.washington.edu.activityspy/.MainActivity bnds=[0,105][120,255]} from pid 1746
D/dalvikvm( 1578): GC_FOR_ALLOC freed 206K, 17% free 7638K/9148K, paused 14ms, total 14ms
I/Main Activity( 3036): onCreate event fired
I/Main Activity( 3036): onStart event fired
I/Main Activity( 3036): onResume event fired
D/gralloc_ranchu( 1141): gralloc_alloc: Creating ashmem region of size 1536000
D/EGL_emulation( 3036): eglMakeCurrent: 0xb7ce0190: ver 3 0
E/EGL_emulation( 3036): tid 3036: eglSurfaceAttrib(1199): error 0x3009 (EGL_BAD_MATCH)
W/HardwareRenderer( 3036): Backbuffer cannot be preserved
W/InputMethodManagerService( 1578): Starting input on non-focused client com.android.internal.view.IInputMethodClient$Stub$Proxy@afd90ee8 (uid=10009 pid=1746)
I/ActivityManager( 1578): Displayed activityspy.mattw95.washington.edu.activityspy/.MainActivity: +80ms
D/EGL_emulation( 1746): eglMakeCurrent: 0xb7d17fa0: ver 3 0
D/dalvikvm( 2049): GC_FOR_ALLOC freed 1378K, 20% free 6864K/8560K, paused 8ms, total 8ms
I/CastDatabase( 2049): Saving the database
I/SQLiteCastStore( 2049): [CastNetworkInfo] saved: 0, skipped: 0, [CastDeviceInfo]: saved 0, skipped 0, Paired Guest Mode DeviceInfo] saved: 0, skipped: 0. [ProbedNetworks]: save 0, skipped: 0
D/ConnectivityService( 1578): Sampling interval elapsed, updating statistics ..
D/ConnectivityService( 1578): Done.
D/ConnectivityService( 1578): Setting timer for 720seconds
