D/dalvikvm( 1578): GC_EXPLICIT freed 1107K, 20% free 7108K/8844K, paused 1ms+1ms, total 10ms
I/ProcessCheckinRequest( 2049): Setting cookie as: NID=127=Ax_IbSFvzooTld0yB_WR3UILI-Xt-EBPuSG_KU6pVZm6Yo2wJ5rADck8-onfjrbGQH1IcifLw7fz1AmUHsjIoRlkQy72Mgng1N6RVCB2LUIwZPN9BCAJk_HFk56EtDlG
D/dalvikvm( 2049): GC_FOR_ALLOC freed 492K, 33% free 4082K/6040K, paused 4ms, total 4ms
W/Conscrypt( 2049): Could not set socket write timeout: java.lang.reflect.InvocationTargetException
W/Conscrypt( 2049): 	at java.lang.reflect.Method.invokeNative(Native Method)
W/Conscrypt( 2049): 	at java.lang.reflect.Method.invoke(Method.java:515)
W/Conscrypt( 2049): Caused by: libcore.io.ErrnoException: setsockopt failed: EBADF (Bad file number)
W/Conscrypt( 2049): 	at libcore.io.Posix.setsockoptTimeval(Native Method)
W/Conscrypt( 2049): 	at libcore.io.ForwardingOs.setsockoptTimeval(ForwardingOs.java:126)
W/Conscrypt( 2049): Could not set socket write timeout: java.lang.reflect.InvocationTargetException
W/Conscrypt( 2049): 	at java.lang.reflect.Method.invokeNative(Native Method)
W/Conscrypt( 2049): 	at java.lang.reflect.Method.invoke(Method.java:515)
W/Conscrypt( 2049): Caused by: libcore.io.ErrnoException: setsockopt failed: EBADF (Bad file number)
W/Conscrypt( 2049): 	at libcore.io.Posix.setsockoptTimeval(Native Method)
W/Conscrypt( 2049): 	at libcore.io.ForwardingOs.setsockoptTimeval(ForwardingOs.java:126)
I/CalendarProvider2( 2152): Sending notification intent: Intent { act=android.intent.action.PROVIDER_CHANGED dat=content://com.android.calendar }
W/ContentResolver( 2152): Failed to get type for: content://com.android.calendar (Unknown URL content://com.android.calendar)
I/ProcessCheckinRequest( 2049): updateCheckinIdTokenFileFromResponse, Reading existing AID
I/CheckinRequestBuilder( 2049): Checkin reason type: 8 attempt count: 1
I/CheckinUtil( 2049): Classify the device as Phone.
E/ProcessCheckinRequest( 2049): CheckinNowTaskTag : Checkin Succeeded: https://android.clients.google.com/checkin (request #1): 
D/dalvikvm( 2049): GC_FOR_ALLOC freed 500K, 33% free 4080K/6040K, paused 5ms, total 5ms
I/ActivityManager( 1578): Waited long enough for: ServiceRecord{aff98d60 u0 com.android.music/.MediaPlaybackService}
I/ActivityManager( 1578): Resuming delayed broadcast
E/BluetoothAdapter( 1927): Bluetooth binder is null
D/dalvikvm( 1142): GC_EXPLICIT freed 40K, 5% free 2726K/2868K, paused 1ms+0ms, total 7ms
D/dalvikvm( 1142): GC_EXPLICIT freed <1K, 5% free 2726K/2868K, paused 1ms+1ms, total 5ms
I/ActivityManager( 1578): Start proc com.android.dialer for broadcast com.android.dialer/.calllog.CallLogReceiver: pid=2207 uid=10004 gids={50004, 3003, 1028, 1015}
D/dalvikvm( 1142): GC_EXPLICIT freed <1K, 5% free 2726K/2868K, paused 1ms+1ms, total 5ms
D/ExtensionsFactory( 2207): No custom extensions.
I/ActivityManager( 1578): Delay finish: com.android.dialer/.calllog.CallLogReceiver
I/ActivityManager( 1578): Resuming delayed broadcast
E/BluetoothAdapter( 1578): Bluetooth binder is null
E/BluetoothAdapter( 1578): Bluetooth binder is null
V/WiredAccessoryManager( 1578): init()
I/PowerManagerService( 1578): Boot animation finished.
I/RecoverySystem( 1578): No recovery log file
E/SoundPool( 1578): error loading /system/media/audio/ui/Effect_Tick.ogg
W/AudioService( 1578): Soundpool could not load file: /system/media/audio/ui/Effect_Tick.ogg
E/SoundPool( 1578): error loading /system/media/audio/ui/Effect_Tick.ogg
W/AudioService( 1578): Soundpool could not load file: /system/media/audio/ui/Effect_Tick.ogg
E/SoundPool( 1578): error loading /system/media/audio/ui/Effect_Tick.ogg
W/AudioService( 1578): Soundpool could not load file: /system/media/audio/ui/Effect_Tick.ogg
E/SoundPool( 1578): error loading /system/media/audio/ui/Effect_Tick.ogg
W/AudioService( 1578): Soundpool could not load file: /system/media/audio/ui/Effect_Tick.ogg
E/SoundPool( 1578): error loading /system/media/audio/ui/Effect_Tick.ogg
W/AudioService( 1578): Soundpool could not load file: /system/media/audio/ui/Effect_Tick.ogg
E/SoundPool( 1578): error loading /system/media/audio/ui/KeypressStandard.ogg
W/AudioService( 1578): Soundpool could not load file: /system/media/audio/ui/KeypressStandard.ogg
E/SoundPool( 1578): error loading /system/media/audio/ui/KeypressSpacebar.ogg
W/AudioService( 1578): Soundpool could not load file: /system/media/audio/ui/KeypressSpacebar.ogg
E/SoundPool( 1578): error loading /system/media/audio/ui/KeypressDelete.ogg
W/AudioService( 1578): Soundpool could not load file: /system/media/audio/ui/KeypressDelete.ogg
E/SoundPool( 1578): error loading /system/media/audio/ui/KeypressReturn.ogg
W/AudioService( 1578): Soundpool could not load file: /system/media/audio/ui/KeypressReturn.ogg
E/SoundPool( 1578): error loading /system/media/audio/ui/KeypressInvalid.ogg
W/AudioService( 1578): Soundpool could not load file: /system/media/audio/ui/KeypressInvalid.ogg
W/AudioService( 1578): onLoadSoundEffects(), Error -1 while loading samples
I/ActivityManager( 1578): Delay finish: com.android.providers.downloads/.DownloadReceiver
I/BootReceiver( 1578): Copying audit failures to DropBox
I/BootReceiver( 1578): Checking for fsck errors
I/ActivityManager( 1578): Resuming delayed broadcast
I/ActivityManager( 1578): Delay finish: com.android.providers.media/.MediaScannerReceiver
W/MediaScanner( 1670): Error opening directory '/storage/sdcard/.android_secure/', skipping: Permission denied.
V/MediaScanner( 1670): pruneDeadThumbnailFiles... android.database.sqlite.SQLiteCursor@afb37290
V/MediaScanner( 1670): /pruneDeadThumbnailFiles... android.database.sqlite.SQLiteCursor@afb37290
I/ActivityManager( 1578): Resuming delayed broadcast
I/ActivityManager( 1578): Start proc com.android.mms for broadcast com.android.mms/.transaction.MmsSystemEventReceiver: pid=2232 uid=10010 gids={50010, 3003, 1028, 1015}
E/jdwp    ( 2232): Failed sending b-req to debugger: Broken pipe (-1 of 57)
E/jdwp    ( 2232): Failed writing handshake bytes: Broken pipe (-1 of 14)
D/dalvikvm( 2232): Debugger has detached; object registry had 0 entries
D/CountryDetector( 1578): The first listener is added
V/MmsConfig( 2232): mnc/mcc: 310260
V/MmsConfig( 2232): tag: bool value: enabledMMS - true
V/MmsConfig( 2232): tag: int value: maxMessageSize - 307200
V/MmsConfig( 2232): tag: int value: maxImageHeight - 480
V/MmsConfig( 2232): tag: int value: maxImageWidth - 640
V/MmsConfig( 2232): tag: int value: defaultSMSMessagesPerThread - 10000
V/MmsConfig( 2232): tag: int value: defaultMMSMessagesPerThread - 1000
V/MmsConfig( 2232): tag: int value: minMessageCountPerThread - 10
V/MmsConfig( 2232): tag: int value: maxMessageCountPerThread - 5000
V/MmsConfig( 2232): tag: string value: uaProfUrl - http://www.google.com/oha/rdf/ua-profile-kila.xml
V/MmsConfig( 2232): tag: int value: recipientLimit - -1
V/MmsConfig( 2232): tag: bool value: enableMultipartSMS - true
V/MmsConfig( 2232): tag: int value: smsToMmsTextThreshold - -1
V/MmsConfig( 2232): tag: bool value: enableSlideDuration - true
V/MmsConfig( 2232): tag: int value: maxMessageTextSize - -1
I/ActivityManager( 1578): Delay finish: com.android.mms/.transaction.MmsSystemEventReceiver
D/Mms:app ( 2232): cancelNotification
I/ActivityManager( 1578): Resuming delayed broadcast
I/ActivityManager( 1578): Delay finish: com.android.mms/.transaction.SmsReceiver
D/dalvikvm( 2232): GC_CONCURRENT freed 222K, 11% free 2890K/3216K, paused 0ms+0ms, total 3ms
D/MmsSmsDatabaseHelper( 1738): [MmsSmsDb] tableName: threads hasAutoIncrement: CREATE TABLE threads (_id INTEGER PRIMARY KEY AUTOINCREMENT,date INTEGER DEFAULT 0,message_count INTEGER DEFAULT 0,recipient_ids TEXT,snippet TEXT,snippet_cs INTEGER DEFAULT 0,read INTEGER DEFAULT 1,type INTEGER DEFAULT 0,error INTEGER DEFAULT 0,has_attachment INTEGER DEFAULT 0) result: true
D/MmsSmsDatabaseHelper( 1738): [MmsSmsDb] tableName: canonical_addresses hasAutoIncrement: CREATE TABLE canonical_addresses (_id INTEGER PRIMARY KEY AUTOINCREMENT,address TEXT) result: true
D/MmsSmsDatabaseHelper( 1738): [MmsSmsDb] tableName: part hasAutoIncrement: CREATE TABLE part (_id INTEGER PRIMARY KEY AUTOINCREMENT,mid INTEGER,seq INTEGER DEFAULT 0,ct TEXT,name TEXT,chset INTEGER,cd TEXT,fn TEXT,cid TEXT,cl TEXT,ctt_s INTEGER,ctt_t TEXT,_data TEXT,text TEXT) result: true
D/MmsSmsDatabaseHelper( 1738): [MmsSmsDb] tableName: pdu hasAutoIncrement: CREATE TABLE pdu (_id INTEGER PRIMARY KEY AUTOINCREMENT,thread_id INTEGER,date INTEGER,date_sent INTEGER DEFAULT 0,msg_box INTEGER,read INTEGER DEFAULT 0,m_id TEXT,sub TEXT,sub_cs INTEGER,ct_t TEXT,ct_l TEXT,exp INTEGER,m_cls TEXT,m_type INTEGER,v INTEGER,m_size INTEGER,pri INTEGER,rr INTEGER,rpt_a INTEGER,resp_st INTEGER,st INTEGER,tr_id TEXT,retr_st INTEGER,retr_txt TEXT,retr_txt_cs INTEGER,read_status INTEGER,ct_cls INTEGER,resp_txt TEXT,d_tm INTEGER,d_rpt INTEGER,locked INTEGER DEFAULT 0,seen INTEGER DEFAULT 0,text_only INTEGER DEFAULT 0) result: true
D/MmsSmsDatabaseHelper( 1738): [getWritableDatabase] hasAutoIncrementThreads: true hasAutoIncrementAddresses: true hasAutoIncrementPart: true hasAutoIncrementPdu: true
D/Mms:app ( 2232): cancelNotification
I/ActivityManager( 1578): Resuming delayed broadcast
I/ActivityManager( 1578): Delay finish: com.google.android.gms/.chimera.GmsIntentOperationService$PersistentTrustedReceiver
I/dalvikvm( 1704): Could not find method android.app.Notification.getChannelId, referenced from method kgg.a
W/dalvikvm( 1704): VFY: unable to resolve virtual method 3076: Landroid/app/Notification;.getChannelId ()Ljava/lang/String;
D/dalvikvm( 1704): VFY: replacing opcode 0x6e at 0x0004
I/dalvikvm( 1704): Could not find method android.app.NotificationManager.getNotificationChannel, referenced from method kgg.a
W/dalvikvm( 1704): VFY: unable to resolve virtual method 3094: Landroid/app/NotificationManager;.getNotificationChannel (Ljava/lang/String;)Landroid/app/NotificationChannel;
D/dalvikvm( 1704): VFY: replacing opcode 0x6e at 0x0008
W/dalvikvm( 1704): VFY: unable to find class referenced in signature (Landroid/app/NotificationChannel;)
W/dalvikvm( 1704): VFY: unable to find class referenced in signature (Landroid/app/AutomaticZenRule;)
I/dalvikvm( 1704): Could not find method android.app.NotificationManager.addAutomaticZenRule, referenced from method kgg.a
W/dalvikvm( 1704): VFY: unable to resolve virtual method 3086: Landroid/app/NotificationManager;.addAutomaticZenRule (Landroid/app/AutomaticZenRule;)Ljava/lang/String;
D/dalvikvm( 1704): VFY: replacing opcode 0x6e at 0x0008
I/dalvikvm( 1704): Could not find method android.app.NotificationManager.getNotificationChannels, referenced from method kgg.a
W/dalvikvm( 1704): VFY: unable to resolve virtual method 3095: Landroid/app/NotificationManager;.getNotificationChannels ()Ljava/util/List;
D/dalvikvm( 1704): VFY: replacing opcode 0x6e at 0x0008
W/dalvikvm( 1704): VFY: unable to find class referenced in signature (Landroid/app/NotificationChannel;)
I/dalvikvm( 1704): Could not find method android.app.NotificationManager.createNotificationChannel, referenced from method kgg.a
W/dalvikvm( 1704): VFY: unable to resolve virtual method 3090: Landroid/app/NotificationManager;.createNotificationChannel (Landroid/app/NotificationChannel;)V
D/dalvikvm( 1704): VFY: replacing opcode 0x6e at 0x0008
W/dalvikvm( 1704): VFY: unable to find class referenced in signature (Landroid/app/NotificationChannelGroup;)
I/dalvikvm( 1704): Could not find method android.app.NotificationManager.createNotificationChannelGroup, referenced from method kgg.a
W/dalvikvm( 1704): VFY: unable to resolve virtual method 3091: Landroid/app/NotificationManager;.createNotificationChannelGroup (Landroid/app/NotificationChannelGroup;)V
D/dalvikvm( 1704): VFY: replacing opcode 0x6e at 0x0008
I/dalvikvm( 1704): Could not find method android.app.NotificationManager.deleteNotificationChannel, referenced from method kgg.b
I/dalvikvm( 2049): Could not find method android.system.Os.symlink, referenced from method cuf.a
W/dalvikvm( 2049): VFY: unable to resolve static method 3049: Landroid/system/Os;.symlink (Ljava/lang/String;Ljava/lang/String;)V
D/dalvikvm( 2049): VFY: replacing opcode 0x71 at 0x002c
W/dalvikvm( 1704): VFY: unable to resolve virtual method 3092: Landroid/app/NotificationManager;.deleteNotificationChannel (Ljava/lang/String;)V
D/dalvikvm( 1704): VFY: replacing opcode 0x6e at 0x0008
D/dalvikvm( 1704): DexOpt: unable to opt direct call 0x0c06 at 0x2a in Lkgg;.a
I/DynamiteModule( 2049): Considering local module com.google.android.gms.googlecertificates:4 and remote module com.google.android.gms.googlecertificates:4
I/DynamiteModule( 2049): Selected local version of com.google.android.gms.googlecertificates
I/dalvikvm( 2049): Could not find method java.util.Locale.toLanguageTag, referenced from method kik.<init>
W/dalvikvm( 2049): VFY: unable to resolve virtual method 43350: Ljava/util/Locale;.toLanguageTag ()Ljava/lang/String;
D/dalvikvm( 2049): VFY: replacing opcode 0x6e at 0x002d
I/dalvikvm( 2049): Could not find method android.content.res.Configuration.getLocales, referenced from method kik.<init>
W/dalvikvm( 2049): VFY: unable to resolve virtual method 3676: Landroid/content/res/Configuration;.getLocales ()Landroid/os/LocaleList;
D/dalvikvm( 2049): VFY: replacing opcode 0x6e at 0x0032
I/dalvikvm( 2049): Could not find method java.util.Locale.toLanguageTag, referenced from method kik.<init>
W/dalvikvm( 2049): VFY: unable to resolve virtual method 43350: Ljava/util/Locale;.toLanguageTag ()Ljava/lang/String;
D/dalvikvm( 2049): VFY: replacing opcode 0x6e at 0x005e
D/dalvikvm( 2049): GC_FOR_ALLOC freed 390K, 31% free 4201K/6040K, paused 6ms, total 6ms
W/ConfigurationChimeraPro( 1704): Got null configs for com.google.android.gms.chromesync -- metadata{ service_id: 51 }
D/dalvikvm( 1819): GC_EXPLICIT freed 156K, 37% free 3914K/6212K, paused 1ms+1ms, total 8ms
I/dalvikvm( 2049): Could not find method android.content.Context.getSystemService, referenced from method com.google.android.gms.auth.frp.FrpUpdateIntentOperation.onHandleIntent
W/dalvikvm( 2049): VFY: unable to resolve virtual method 3434: Landroid/content/Context;.getSystemService (Ljava/lang/Class;)Ljava/lang/Object;
D/dalvikvm( 2049): VFY: replacing opcode 0x6e at 0x00ee
I/dalvikvm( 2049): Could not find method mi.getMediaController, referenced from method com.google.android.chimera.Activity.getMediaController
W/dalvikvm( 2049): VFY: unable to resolve virtual method 17232: Lmi;.getMediaController ()Landroid/media/session/MediaController;
D/dalvikvm( 2049): VFY: replacing opcode 0x6e at 0x0002
I/dalvikvm( 2049): Could not find method mi.getSearchEvent, referenced from method com.google.android.chimera.Activity.getSearchEvent
W/dalvikvm( 2049): VFY: unable to resolve virtual method 17238: Lmi;.getSearchEvent ()Landroid/view/SearchEvent;
D/dalvikvm( 2049): VFY: replacing opcode 0x6e at 0x0002
W/dalvikvm( 2049): VFY: unable to find class referenced in signature (Landroid/app/VoiceInteractor;)
W/dalvikvm( 2049): VFY: unable to find class referenced in signature (Landroid/app/VoiceInteractor;)
W/dalvikvm( 2049): VFY: unable to find class referenced in signature (Landroid/os/PersistableBundle;)
W/dalvikvm( 2049): VFY: unable to find class referenced in signature (Landroid/os/PersistableBundle;)
W/dalvikvm( 2049): VFY: unable to find class referenced in signature (Landroid/os/PersistableBundle;)
W/dalvikvm( 2049): VFY: unable to find class referenced in signature (Landroid/os/PersistableBundle;)
W/dalvikvm( 2049): VFY: unable to find class referenced in signature (Landroid/app/assist/AssistContent;)
W/dalvikvm( 2049): VFY: unable to find class referenced in signature (Landroid/app/assist/AssistContent;)
W/dalvikvm( 2049): VFY: unable to find class referenced in signature (Landroid/os/PersistableBundle;)
D/dalvikvm( 2049): GC_FOR_ALLOC freed 381K, 29% free 4334K/6040K, paused 10ms, total 10ms
W/dalvikvm( 2049): VFY: unable to find class referenced in signature (Landroid/os/PersistableBundle;)
W/dalvikvm( 2049): VFY: unable to find class referenced in signature (Landroid/os/PersistableBundle;)
W/dalvikvm( 2049): VFY: unable to find class referenced in signature (Landroid/os/PersistableBundle;)
W/dalvikvm( 2049): VFY: unable to find class referenced in signature (Landroid/view/SearchEvent;)
W/dalvikvm( 2049): VFY: unable to find class referenced in signature (Landroid/view/SearchEvent;)
I/Auth    ( 2049): [WorkAccount] update authenticator enabled for boot or update
I/dalvikvm( 2049): Could not find method android.app.Activity.requestPermissions, referenced from method com.google.android.chimera.Activity.requestPermissions
W/dalvikvm( 2049): VFY: unable to resolve virtual method 2117: Landroid/app/Activity;.requestPermissions ([Ljava/lang/String;I)V
D/dalvikvm( 2049): VFY: replacing opcode 0x6e at 0x0002
W/dalvikvm( 2049): VFY: unable to find class referenced in signature (Landroid/media/session/MediaController;)
I/dalvikvm( 2049): Could not find method mi.setMediaController, referenced from method com.google.android.chimera.Activity.setMediaController
W/dalvikvm( 2049): VFY: unable to resolve virtual method 17357: Lmi;.setMediaController (Landroid/media/session/MediaController;)V
D/dalvikvm( 2049): VFY: replacing opcode 0x6e at 0x0002
I/dalvikvm( 1819): Could not find method android.app.admin.DevicePolicyManager.isProfileOwnerApp, referenced from method gmn.c
W/dalvikvm( 1819): VFY: unable to resolve virtual method 3179: Landroid/app/admin/DevicePolicyManager;.isProfileOwnerApp (Ljava/lang/String;)Z
D/dalvikvm( 1819): VFY: replacing opcode 0x6e at 0x0011
I/dalvikvm( 1819): Could not find method android.app.admin.DevicePolicyManager.getProfileOwner, referenced from method gmn.a
W/dalvikvm( 1819): VFY: unable to resolve virtual method 3177: Landroid/app/admin/DevicePolicyManager;.getProfileOwner ()Landroid/content/ComponentName;
D/dalvikvm( 1819): VFY: replacing opcode 0x6e at 0x0012
I/dalvikvm( 1819): Could not find method android.app.Notification.getChannelId, referenced from method kgg.a
W/dalvikvm( 1819): VFY: unable to resolve virtual method 3076: Landroid/app/Notification;.getChannelId ()Ljava/lang/String;
D/dalvikvm( 1819): VFY: replacing opcode 0x6e at 0x0004
I/dalvikvm( 1819): Could not find method android.app.NotificationManager.getNotificationChannel, referenced from method kgg.a
W/dalvikvm( 1819): VFY: unable to resolve virtual method 3094: Landroid/app/NotificationManager;.getNotificationChannel (Ljava/lang/String;)Landroid/app/NotificationChannel;
D/dalvikvm( 1819): VFY: replacing opcode 0x6e at 0x0008
W/dalvikvm( 1819): VFY: unable to find class referenced in signature (Landroid/app/NotificationChannel;)
W/dalvikvm( 1819): VFY: unable to find class referenced in signature (Landroid/app/AutomaticZenRule;)
I/dalvikvm( 1819): Could not find method android.app.NotificationManager.addAutomaticZenRule, referenced from method kgg.a
W/dalvikvm( 1819): VFY: unable to resolve virtual method 3086: Landroid/app/NotificationManager;.addAutomaticZenRule (Landroid/app/AutomaticZenRule;)Ljava/lang/String;
D/dalvikvm( 1819): VFY: replacing opcode 0x6e at 0x0008
I/dalvikvm( 1819): Could not find method android.app.NotificationManager.getNotificationChannels, referenced from method kgg.a
W/dalvikvm( 1819): VFY: unable to resolve virtual method 3095: Landroid/app/NotificationManager;.getNotificationChannels ()Ljava/util/List;
D/dalvikvm( 1819): VFY: replacing opcode 0x6e at 0x0008
W/dalvikvm( 1819): VFY: unable to find class referenced in signature (Landroid/app/NotificationChannel;)
I/dalvikvm( 1819): Could not find method android.app.NotificationManager.createNotificationChannel, referenced from method kgg.a
W/dalvikvm( 1819): VFY: unable to resolve virtual method 3090: Landroid/app/NotificationManager;.createNotificationChannel (Landroid/app/NotificationChannel;)V
D/dalvikvm( 1819): VFY: replacing opcode 0x6e at 0x0008
W/dalvikvm( 1819): VFY: unable to find class referenced in signature (Landroid/app/NotificationChannelGroup;)
I/dalvikvm( 1819): Could not find method android.app.NotificationManager.createNotificationChannelGroup, referenced from method kgg.a
W/dalvikvm( 1819): VFY: unable to resolve virtual method 3091: Landroid/app/NotificationManager;.createNotificationChannelGroup (Landroid/app/NotificationChannelGroup;)V
D/dalvikvm( 1819): VFY: replacing opcode 0x6e at 0x0008
I/dalvikvm( 1819): Could not find method android.app.NotificationManager.deleteNotificationChannel, referenced from method kgg.b
W/dalvikvm( 1819): VFY: unable to resolve virtual method 3092: Landroid/app/NotificationManager;.deleteNotificationChannel (Ljava/lang/String;)V
D/dalvikvm( 1819): VFY: replacing opcode 0x6e at 0x0008
D/dalvikvm( 1819): DexOpt: unable to opt direct call 0x0c06 at 0x2a in Lkgg;.a
I/dalvikvm( 1819): Could not find method android.accounts.AccountManager.removeAccount, referenced from method fds.a
W/dalvikvm( 1819): VFY: unable to resolve virtual method 2781: Landroid/accounts/AccountManager;.removeAccount (Landroid/accounts/Account;Landroid/app/Activity;Landroid/accounts/AccountManagerCallback;Landroid/os/Handler;)Landroid/accounts/AccountManagerFuture;
D/dalvikvm( 1819): VFY: replacing opcode 0x6e at 0x0004
I/dalvikvm( 1819): Could not find method android.os.UserManager.isManagedProfile, referenced from method fds.b
W/dalvikvm( 1819): VFY: unable to resolve virtual method 4988: Landroid/os/UserManager;.isManagedProfile ()Z
D/dalvikvm( 1819): VFY: replacing opcode 0x6e at 0x0026
W/WakefulBroadcastReceiv.( 1819): No active wake lock id #2
I/dalvikvm( 1819): Could not find method android.content.Context.checkSelfPermission, referenced from method kha.a
W/dalvikvm( 1819): VFY: unable to resolve virtual method 2360: Landroid/content/Context;.checkSelfPermission (Ljava/lang/String;)I
D/dalvikvm( 1819): VFY: replacing opcode 0x6e at 0x0034
I/dalvikvm( 1819): Failed resolving Lkhb; interface 820 'Landroid/content/pm/PackageManager$OnPermissionsChangedListener;'
W/dalvikvm( 1819): Link of class 'Lkhb;' failed
E/dalvikvm( 1819): Could not find class 'khb', referenced from method kha.a
W/dalvikvm( 1819): VFY: unable to resolve new-instance 2954 (Lkhb;) in Lkha;
D/dalvikvm( 1819): VFY: replacing opcode 0x22 at 0x0000
I/dalvikvm( 1819): Failed resolving Lkhb; interface 820 'Landroid/content/pm/PackageManager$OnPermissionsChangedListener;'
W/dalvikvm( 1819): Link of class 'Lkhb;' failed
D/dalvikvm( 1819): DexOpt: unable to opt direct call 0x3ee7 at 0x02 in Lkha;.a
D/dalvikvm( 1819): GC_FOR_ALLOC freed 477K, 37% free 3939K/6212K, paused 9ms, total 9ms
I/Auth    ( 1819): [WorkAccount] init work authenticator
I/dalvikvm( 2049): Could not find method android.content.Context.isDeviceProtectedStorage, referenced from method keh.<init>
W/dalvikvm( 2049): VFY: unable to resolve virtual method 2392: Landroid/content/Context;.isDeviceProtectedStorage ()Z
D/dalvikvm( 2049): VFY: replacing opcode 0x6e at 0x0057
D/dalvikvm( 2049): GC_FOR_ALLOC freed 336K, 25% free 4554K/6040K, paused 9ms, total 9ms
W/dalvikvm( 2049): VFY: unable to find class referenced in signature (Landroid/service/persistentdata/PersistentDataBlockManager;)
E/dalvikvm( 2049): Could not find class 'android.service.persistentdata.PersistentDataBlockManager', referenced from method ffv.a
W/dalvikvm( 2049): VFY: unable to resolve check-cast 1129 (Landroid/service/persistentdata/PersistentDataBlockManager;) in Lffv;
D/dalvikvm( 2049): VFY: replacing opcode 0x1f at 0x001f
W/dalvikvm( 2049): VFY: unable to find class referenced in signature (Landroid/service/persistentdata/PersistentDataBlockManager;)
I/dalvikvm( 2049): Could not find method android.service.persistentdata.PersistentDataBlockManager.getMaximumDataBlockSize, referenced from method ffv.a
W/dalvikvm( 2049): VFY: unable to resolve virtual method 5035: Landroid/service/persistentdata/PersistentDataBlockManager;.getMaximumDataBlockSize ()J
D/dalvikvm( 2049): VFY: replacing opcode 0x6e at 0x0023
I/dalvikvm( 2049): Could not find method android.service.persistentdata.PersistentDataBlockManager.read, referenced from method ffv.b
W/dalvikvm( 2049): VFY: unable to resolve virtual method 5036: Landroid/service/persistentdata/PersistentDataBlockManager;.read ()[B
D/dalvikvm( 2049): VFY: replacing opcode 0x6e at 0x000e
I/dalvikvm( 2049): Could not find method android.app.admin.DevicePolicyManager.getAccountTypesWithManagementDisabled, referenced from method kpn.g
W/dalvikvm( 2049): VFY: unable to resolve virtual method 3173: Landroid/app/admin/DevicePolicyManager;.getAccountTypesWithManagementDisabled ()[Ljava/lang/String;
D/dalvikvm( 2049): VFY: replacing opcode 0x6e at 0x002b
I/dalvikvm( 2049): Could not find method android.content.Context.isDeviceProtectedStorage, referenced from method kde.a
W/dalvikvm( 2049): VFY: unable to resolve virtual method 3438: Landroid/content/Context;.isDeviceProtectedStorage ()Z
D/dalvikvm( 2049): VFY: replacing opcode 0x6e at 0x02c6
D/dalvikvm( 2049): GC_FOR_ALLOC freed 237K, 26% free 4525K/6040K, paused 8ms, total 8ms
I/dalvikvm-heap( 2049): Grow heap (frag case) to 4.936MB for 376844-byte allocation
D/dalvikvm( 1704): GC_FOR_ALLOC freed 704K, 17% free 5113K/6100K, paused 8ms, total 8ms
D/dalvikvm( 2049): GC_FOR_ALLOC freed <1K, 24% free 4892K/6412K, paused 16ms, total 16ms
I/SystemUpdate( 2049): [Installation,ReceiverIntentOperation] Received intent: Intent { act=com.google.android.gms.update.BASE_MODULE_INIT cat=[targeted_intent_op_prefix:.update.control.ReceiverIntentOperation] cmp=com.google.android.gms/.chimera.GmsIntentOperationService }.
I/dalvikvm( 2049): Could not find method android.app.admin.DevicePolicyManager.notifyPendingSystemUpdate, referenced from method ahoq.a
W/dalvikvm( 2049): VFY: unable to resolve virtual method 17398: Landroid/app/admin/DevicePolicyManager;.notifyPendingSystemUpdate (J)V
D/dalvikvm( 2049): VFY: replacing opcode 0x6e at 0x0120
E/dalvikvm( 2049): Could not find class 'android.app.NotificationChannel', referenced from method ahoq.a
W/dalvikvm( 2049): VFY: unable to resolve new-instance 4140 (Landroid/app/NotificationChannel;) in Lahoq;
D/dalvikvm( 2049): VFY: replacing opcode 0x22 at 0x02ab
I/dalvikvm( 2049): Could not find method android.app.Notification.getChannelId, referenced from method kgg.a
W/dalvikvm( 2049): VFY: unable to resolve virtual method 3076: Landroid/app/Notification;.getChannelId ()Ljava/lang/String;
D/dalvikvm( 2049): VFY: replacing opcode 0x6e at 0x0004
D/dalvikvm( 2049): DexOpt: unable to opt direct call 0x43d5 at 0x2c1 in Lahoq;.a
I/dalvikvm( 2049): Could not find method android.app.NotificationManager.getNotificationChannel, referenced from method kgg.a
W/dalvikvm( 2049): VFY: unable to resolve virtual method 3094: Landroid/app/NotificationManager;.getNotificationChannel (Ljava/lang/String;)Landroid/app/NotificationChannel;
D/dalvikvm( 2049): VFY: replacing opcode 0x6e at 0x0008
W/dalvikvm( 2049): VFY: unable to find class referenced in signature (Landroid/app/NotificationChannel;)
W/dalvikvm( 2049): VFY: unable to find class referenced in signature (Landroid/app/AutomaticZenRule;)
I/dalvikvm( 2049): Could not find method android.app.NotificationManager.addAutomaticZenRule, referenced from method kgg.a
W/dalvikvm( 2049): VFY: unable to resolve virtual method 3086: Landroid/app/NotificationManager;.addAutomaticZenRule (Landroid/app/AutomaticZenRule;)Ljava/lang/String;
D/dalvikvm( 2049): VFY: replacing opcode 0x6e at 0x0008
I/dalvikvm( 2049): Could not find method android.app.NotificationManager.getNotificationChannels, referenced from method kgg.a
W/dalvikvm( 2049): VFY: unable to resolve virtual method 3095: Landroid/app/NotificationManager;.getNotificationChannels ()Ljava/util/List;
D/dalvikvm( 2049): VFY: replacing opcode 0x6e at 0x0008
W/dalvikvm( 2049): VFY: unable to find class referenced in signature (Landroid/app/NotificationChannel;)
I/dalvikvm( 2049): Could not find method android.app.NotificationManager.createNotificationChannel, referenced from method kgg.a
W/dalvikvm( 2049): VFY: unable to resolve virtual method 3090: Landroid/app/NotificationManager;.createNotificationChannel (Landroid/app/NotificationChannel;)V
D/dalvikvm( 2049): VFY: replacing opcode 0x6e at 0x0008
W/dalvikvm( 2049): VFY: unable to find class referenced in signature (Landroid/app/NotificationChannelGroup;)
I/dalvikvm( 2049): Could not find method android.app.NotificationManager.createNotificationChannelGroup, referenced from method kgg.a
W/dalvikvm( 2049): VFY: unable to resolve virtual method 3091: Landroid/app/NotificationManager;.createNotificationChannelGroup (Landroid/app/NotificationChannelGroup;)V
D/dalvikvm( 2049): VFY: replacing opcode 0x6e at 0x0008
I/dalvikvm( 2049): Could not find method android.app.NotificationManager.deleteNotificationChannel, referenced from method kgg.b
W/dalvikvm( 2049): VFY: unable to resolve virtual method 3092: Landroid/app/NotificationManager;.deleteNotificationChannel (Ljava/lang/String;)V
D/dalvikvm( 2049): VFY: replacing opcode 0x6e at 0x0008
D/dalvikvm( 2049): DexOpt: unable to opt direct call 0x0c06 at 0x2a in Lkgg;.a
D/dalvikvm( 2049): GC_FOR_ALLOC freed 780K, 29% free 4575K/6412K, paused 7ms, total 7ms
I/dalvikvm-heap( 2049): Grow heap (frag case) to 5.626MB for 1048588-byte allocation
D/dalvikvm( 2049): GC_FOR_ALLOC freed 1K, 25% free 5598K/7440K, paused 25ms, total 25ms
I/dalvikvm( 2049): Could not find method android.app.admin.DevicePolicyManager.isProfileOwnerApp, referenced from method gmn.c
W/dalvikvm( 2049): VFY: unable to resolve virtual method 3179: Landroid/app/admin/DevicePolicyManager;.isProfileOwnerApp (Ljava/lang/String;)Z
D/dalvikvm( 2049): VFY: replacing opcode 0x6e at 0x0011
I/dalvikvm( 2049): Could not find method android.app.admin.DevicePolicyManager.getProfileOwner, referenced from method gmn.a
W/dalvikvm( 2049): VFY: unable to resolve virtual method 3177: Landroid/app/admin/DevicePolicyManager;.getProfileOwner ()Landroid/content/ComponentName;
D/dalvikvm( 2049): VFY: replacing opcode 0x6e at 0x0012
D/dalvikvm( 2049): GC_FOR_ALLOC freed 1538K, 37% free 4712K/7440K, paused 10ms, total 10ms
I/dalvikvm-heap( 2049): Grow heap (frag case) to 5.760MB for 1048588-byte allocation
D/dalvikvm( 2049): GC_FOR_ALLOC freed 0K, 23% free 5736K/7440K, paused 41ms, total 41ms
W/ConfigurationChimeraPro( 1704): Got null configs for com.google.android.gms.ads -- metadata{ service_id: 51 }
D/dalvikvm( 2049): GC_FOR_ALLOC freed 1061K, 37% free 4720K/7440K, paused 7ms, total 7ms
I/dalvikvm( 2049): Could not find method android.accounts.AccountManager.removeAccountExplicitly, referenced from method fie.a
W/dalvikvm( 2049): VFY: unable to resolve virtual method 2782: Landroid/accounts/AccountManager;.removeAccountExplicitly (Landroid/accounts/Account;)Z
D/dalvikvm( 2049): VFY: replacing opcode 0x6e at 0x000c
D/dalvikvm( 2049): GC_FOR_ALLOC freed 82K, 29% free 5326K/7440K, paused 17ms, total 17ms
I/dalvikvm( 2049): Could not find method android.accounts.AccountManager.addAccountExplicitly, referenced from method fie.a
W/dalvikvm( 2049): VFY: unable to resolve virtual method 2762: Landroid/accounts/AccountManager;.addAccountExplicitly (Landroid/accounts/Account;Ljava/lang/String;Landroid/os/Bundle;Ljava/util/Map;)Z
D/dalvikvm( 2049): VFY: replacing opcode 0x6e at 0x0075
W/ChimeraUtils( 2049): Non Chimera context
W/ConfigurationChimeraPro( 1704): Got null configs for com.google.android.gms.update -- metadata{ service_id: 51 }
D/dalvikvm( 2049): GC_FOR_ALLOC freed 778K, 37% free 4723K/7440K, paused 9ms, total 9ms
I/dalvikvm-heap( 2049): Grow heap (frag case) to 5.771MB for 1048588-byte allocation
D/dalvikvm( 2049): GC_FOR_ALLOC freed <1K, 23% free 5747K/7440K, paused 23ms, total 23ms
E/BluetoothAdapter( 1819): Bluetooth binder is null
I/dalvikvm( 2049): Could not find method android.os.UserManager.isManagedProfile, referenced from method com.google.android.gms.auth.managed.intentoperations.SetupWorkProfileSettingsIntentOperation.a
W/dalvikvm( 2049): VFY: unable to resolve virtual method 4988: Landroid/os/UserManager;.isManagedProfile ()Z
D/dalvikvm( 2049): VFY: replacing opcode 0x6e at 0x0021
W/ConfigurationChimeraPro( 1704): Got null configs for com.google.android.gms.backup -- metadata{ service_id: 51 }
I/dalvikvm( 1819): Could not find method android.os.UserManager.isManagedProfile, referenced from method gse.run
W/dalvikvm( 1819): VFY: unable to resolve virtual method 4988: Landroid/os/UserManager;.isManagedProfile ()Z
D/dalvikvm( 1819): VFY: replacing opcode 0x6e at 0x0100
I/Backup  ( 2049): [PreLComponentEnabler] Enabling pre-L components
I/dalvikvm( 2049): Could not find method android.os.PowerManager.isDeviceIdleMode, referenced from method ahnv.a
W/dalvikvm( 2049): VFY: unable to resolve virtual method 18675: Landroid/os/PowerManager;.isDeviceIdleMode ()Z
D/dalvikvm( 2049): VFY: replacing opcode 0x6e at 0x000e
D/dalvikvm( 2049): GC_FOR_ALLOC freed 1420K, 36% free 4795K/7440K, paused 10ms, total 10ms
I/dalvikvm-heap( 2049): Grow heap (frag case) to 5.841MB for 1048588-byte allocation
D/dalvikvm( 2049): GC_FOR_ALLOC freed <1K, 22% free 5818K/7440K, paused 23ms, total 23ms
I/ChromeSync( 2049): [Sync,SyncIntentOperation] Handling the intent: Intent { act=android.intent.action.BOOT_COMPLETED flg=0x8000010 cmp=com.google.android.gms/.chimera.GmsIntentOperationService (has extras) }.
W/ChimeraUtils( 2049): Non Chimera context
V/Backup  ( 2049): [PreLComponentEnabler] Enabling Component: com.google.android.gms.backup.component.D2dPreLSourceActivity
I/dalvikvm( 2049): Could not find method android.app.admin.DevicePolicyManager.getSystemUpdatePolicy, referenced from method ahoc.a
I/BootCount( 1704): Device boot count in clearcut increased.
W/dalvikvm( 2049): VFY: unable to resolve virtual method 17397: Landroid/app/admin/DevicePolicyManager;.getSystemUpdatePolicy ()Landroid/app/admin/SystemUpdatePolicy;
D/dalvikvm( 2049): VFY: replacing opcode 0x6e at 0x004d
I/SystemUpdate( 2049): [Execution,InstallationEventIntentOperation] Handling event of type 1.
W/dalvikvm( 2049): Unable to resolve superclass of Lahqt; (4422)
W/dalvikvm( 2049): Link of class 'Lahqt;' failed
E/dalvikvm( 2049): Could not find class 'ahqt', referenced from method ahpk.b
W/dalvikvm( 2049): VFY: unable to resolve new-instance 439 (Lahqt;) in Lahpk;
D/dalvikvm( 2049): VFY: replacing opcode 0x22 at 0x003f
W/dalvikvm( 2049): Unable to resolve superclass of Lahqt; (4422)
W/dalvikvm( 2049): Link of class 'Lahqt;' failed
D/dalvikvm( 2049): DexOpt: unable to opt direct call 0x06d5 at 0x41 in Lahpk;.b
D/dalvikvm( 2049): GC_FOR_ALLOC freed 1256K, 35% free 4861K/7440K, paused 7ms, total 7ms
I/dalvikvm( 2049): Could not find method android.app.Notification$Builder.setGroup, referenced from method gkz.a
W/constellation( 2049): [reboot_checker] disabled by gservice flag
W/dalvikvm( 2049): VFY: unable to resolve virtual method 3053: Landroid/app/Notification$Builder;.setGroup (Ljava/lang/String;)Landroid/app/Notification$Builder;
D/dalvikvm( 2049): VFY: replacing opcode 0x6e at 0x002f
E/dalvikvm( 2049): Could not find class 'android.app.NotificationChannel', referenced from method gkz.a
W/dalvikvm( 2049): VFY: unable to resolve check-cast 719 (Landroid/app/NotificationChannel;) in Lgkz;
D/dalvikvm( 2049): VFY: replacing opcode 0x1f at 0x0017
D/dalvikvm( 2049): DexOpt: unable to opt direct call 0x0c06 at 0x129 in Lgkz;.a
D/dalvikvm( 2049): GC_FOR_ALLOC freed 136K, 27% free 5459K/7440K, paused 26ms, total 26ms
I/ApiChimeraService( 2049): Scheduling reset intent
W/ChimeraUtils( 2049): Non Chimera context
W/ConfigurationChimeraPro( 1704): Got null configs for com.google.android.gms.drive -- metadata{ service_id: 51 }
I/Fido    ( 2049): [FidoInitIntentOperation] Initializing Fido module, InitRuntimeState=3
D/dalvikvm( 1704): GC_FOR_ALLOC freed 638K, 16% free 5158K/6100K, paused 17ms, total 17ms
I/SystemUpdate( 2049): [Execution,InstallationIntentOperation] Received intent: Intent { act=com.google.android.gms.update.INSTALL_UPDATE cat=[targeted_intent_op_prefix:.update.execution.InstallationIntentOperation] cmp=com.google.android.gms/.chimera.GmsIntentOperationService }.
W/ConfigurationChimeraPro( 1704): Got null configs for com.google.android.gms.droidguard -- metadata{ service_id: 51 }
W/ConfigurationChimeraPro( 1704): Got null configs for com.google.android.gms.fido -- metadata{ service_id: 51 }
I/EventLogChimeraService( 2049): Accumulating logs since 1523502850375
I/ActivityManager( 1578): Delaying start of: ServiceRecord{b00266a8 u0 com.google.android.gms/.droidguard.DroidGuardService}
I/SystemUpdate( 2049): [Execution,ExecutionManager] Action finished-execution executed for 0.00 seconds.
D/dalvikvm( 1819): GC_EXPLICIT freed 225K, 35% free 4082K/6212K, paused 1ms+1ms, total 22ms
D/dalvikvm( 1578): GC_EXPLICIT freed 912K, 19% free 7201K/8844K, paused 0ms+2ms, total 25ms
D/dalvikvm( 2049): GC_FOR_ALLOC freed 1337K, 33% free 5057K/7440K, paused 9ms, total 9ms
I/Authzen ( 2049): [PermitStore] Getting all permits...
E/BaseAppContext( 2049): Tried to stop global GMSCore RequestQueue. This is likely unintended, so ignoring.
W/ConfigurationChimeraPro( 1704): Got null configs for com.google.android.gms.fitness -- metadata{ service_id: 51 }
D/dalvikvm( 2049): GC_FOR_ALLOC freed 562K, 33% free 5028K/7440K, paused 10ms, total 10ms
I/dalvikvm-heap( 2049): Grow heap (frag case) to 6.069MB for 1048588-byte allocation
D/dalvikvm( 2049): GC_FOR_ALLOC freed 1K, 19% free 6051K/7440K, paused 9ms, total 9ms
I/GrowthService( 2049): Scheduled sync with period: 14400
E/dalvikvm( 1704): Could not find class 'android.net.NetworkRequest$Builder', referenced from method com.google.android.gms.gcm.GcmChimeraService.onCreate
W/dalvikvm( 1704): VFY: unable to resolve new-instance 5291 (Landroid/net/NetworkRequest$Builder;) in Lcom/google/android/gms/gcm/GcmChimeraService;
D/dalvikvm( 1704): VFY: replacing opcode 0x22 at 0x016e
D/dalvikvm( 1704): DexOpt: unable to opt direct call 0x518c at 0x170 in Lcom/google/android/gms/gcm/GcmChimeraService;.onCreate
I/Authzen ( 2049): [gje] Opening database auth.proximity.permit_store...
W/dalvikvm( 1704): Unable to resolve superclass of Lrgt; (5280)
W/dalvikvm( 1704): Link of class 'Lrgt;' failed
D/dalvikvm( 1704): GC_FOR_ALLOC freed 757K, 15% free 5234K/6156K, paused 15ms, total 16ms
D/dalvikvm( 1704): DexOpt: unable to opt direct call 0xa45d at 0x185 in Lcom/google/android/gms/gcm/GcmChimeraService;.onCreate
E/dalvikvm( 1704): Could not find class 'android.app.job.JobScheduler', referenced from method rlu.<init>
W/dalvikvm( 1704): VFY: unable to resolve check-cast 5088 (Landroid/app/job/JobScheduler;) in Lrlu;
D/dalvikvm( 1704): VFY: replacing opcode 0x1f at 0x0055
I/Authzen ( 2049): [AuthZenEventHandler] Handling event: android.intent.action.BOOT_COMPLETED
I/NetworkScheduler( 1704): Using standalone scheduling engine
E/dalvikvm( 1704): Could not find class 'android.app.usage.UsageStatsManager', referenced from method rnj.a
W/dalvikvm( 1704): VFY: unable to resolve const-class 5092 (Landroid/app/usage/UsageStatsManager;) in Lrnj;
D/dalvikvm( 1704): VFY: replacing opcode 0x1c at 0x0078
I/dalvikvm( 1704): Could not find method android.os.PowerManager.isIgnoringBatteryOptimizations, referenced from method rnr.a
W/dalvikvm( 1704): VFY: unable to resolve virtual method 21284: Landroid/os/PowerManager;.isIgnoringBatteryOptimizations (Ljava/lang/String;)Z
D/dalvikvm( 1704): VFY: replacing opcode 0x6e at 0x002d
I/dalvikvm( 1704): Could not find method android.os.PowerManager.isPowerSaveMode, referenced from method rnr.a
W/dalvikvm( 1704): VFY: unable to resolve virtual method 21286: Landroid/os/PowerManager;.isPowerSaveMode ()Z
D/dalvikvm( 1704): VFY: replacing opcode 0x6e at 0x0072
I/dalvikvm( 1704): Could not find method android.os.PowerManager.isDeviceIdleMode, referenced from method rnr.a
W/dalvikvm( 1704): VFY: unable to resolve virtual method 21283: Landroid/os/PowerManager;.isDeviceIdleMode ()Z
D/dalvikvm( 1704): VFY: replacing opcode 0x6e at 0x008d
I/dalvikvm( 1704): Could not find method android.net.ConnectivityManager.reportNetworkConnectivity, referenced from method rim.c
W/dalvikvm( 1704): VFY: unable to resolve virtual method 20854: Landroid/net/ConnectivityManager;.reportNetworkConnectivity (Landroid/net/Network;Z)V
D/dalvikvm( 1704): VFY: replacing opcode 0x6e at 0x000a
D/dalvikvm( 2049): GC_FOR_ALLOC freed 1627K, 32% free 5076K/7440K, paused 11ms, total 11ms
I/dalvikvm-heap( 2049): Grow heap (frag case) to 6.115MB for 1048588-byte allocation
D/dalvikvm( 2049): GC_FOR_ALLOC freed 0K, 19% free 6100K/7440K, paused 12ms, total 12ms
D/dalvikvm( 2049): GC_FOR_ALLOC freed 1062K, 32% free 5085K/7440K, paused 11ms, total 11ms
I/ProcessCheckinRequest( 2049): Get token from PseudonymousIdApi: 127=Ax_IbSFvzooTld0yB_WR3UILI-Xt-EBPuSG_KU6pVZm6Yo2wJ5rADck8-onfjrbGQH1IcifLw7fz1AmUHsjIoRlkQy72Mgng1N6RVCB2LUIwZPN9BCAJk_HFk56EtDlG
I/CheckinRequestBuilder( 2049): Checkin reason type: 1 attempt count: 1
D/dalvikvm( 2049): GC_FOR_ALLOC freed 832K, 32% free 5063K/7440K, paused 7ms, total 7ms
D/dalvikvm( 2049): GC_FOR_ALLOC freed 46K, 31% free 5164K/7440K, paused 10ms, total 10ms
I/dalvikvm-heap( 2049): Grow heap (frag case) to 6.201MB for 1048588-byte allocation
D/dalvikvm( 1704): GC_FOR_ALLOC freed 690K, 14% free 5404K/6260K, paused 34ms, total 34ms
D/dalvikvm( 2049): GC_FOR_ALLOC freed <1K, 17% free 6188K/7440K, paused 13ms, total 13ms
W/dalvikvm( 1704): VFY: unable to find class referenced in signature (Landroid/net/Network;)
I/dalvikvm( 1704): Could not find method android.net.Network.openConnection, referenced from method slr.a
W/dalvikvm( 1704): VFY: unable to resolve virtual method 20861: Landroid/net/Network;.openConnection (Ljava/net/URL;)Ljava/net/URLConnection;
D/dalvikvm( 1704): VFY: replacing opcode 0x6e at 0x00ab
I/dalvikvm( 1704): Could not find method android.os.PowerManager.isDeviceIdleMode, referenced from method rix.onReceive
W/dalvikvm( 1704): VFY: unable to resolve virtual method 21283: Landroid/os/PowerManager;.isDeviceIdleMode ()Z
D/dalvikvm( 1704): VFY: replacing opcode 0x6e at 0x0033
D/dalvikvm( 2049): GC_FOR_ALLOC freed 1330K, 31% free 5180K/7440K, paused 10ms, total 10ms
I/dalvikvm-heap( 2049): Grow heap (frag case) to 6.217MB for 1048588-byte allocation
I/dalvikvm( 1704): Could not find method android.os.PowerManager.isDeviceIdleMode, referenced from method rfw.b
W/dalvikvm( 1704): VFY: unable to resolve virtual method 21283: Landroid/os/PowerManager;.isDeviceIdleMode ()Z
D/dalvikvm( 2049): GC_FOR_ALLOC freed <1K, 17% free 6204K/7440K, paused 10ms, total 10ms
D/dalvikvm( 1704): VFY: replacing opcode 0x6e at 0x0008
D/dalvikvm( 2049): GC_FOR_ALLOC freed 1076K, 30% free 5214K/7440K, paused 7ms, total 7ms
D/dalvikvm( 2171): GC_FOR_ALLOC freed 702K, 14% free 5305K/6124K, paused 15ms, total 15ms
I/dalvikvm( 2171): Rejecting re-init on previously-failed class Lcom/google/ccc/abuse/droidguard/DroidGuard; v=0x0
D/dalvikvm( 1819): GC_EXPLICIT freed 140K, 35% free 4082K/6212K, paused 1ms+1ms, total 19ms
W/dalvikvm( 2171): Class init failed in Constructor.constructNative (Lcom/google/ccc/abuse/droidguard/DroidGuard;)
D/        ( 2171): HostConnection::get() New Host Connection established 0xb7c4a410, tid 2182
I/dalvikvm( 2171): Could not find method android.app.admin.DevicePolicyManager.getAccountTypesWithManagementDisabled, referenced from method kpn.g
W/dalvikvm( 2171): VFY: unable to resolve virtual method 3173: Landroid/app/admin/DevicePolicyManager;.getAccountTypesWithManagementDisabled ()[Ljava/lang/String;
D/dalvikvm( 2171): VFY: replacing opcode 0x6e at 0x002b
D/dalvikvm( 2049): GC_FOR_ALLOC freed 824K, 31% free 5207K/7440K, paused 31ms, total 39ms
D/EGL_emulation( 2171): eglCreateContext: 0xb7c4f010: maj 3 min 0 rcv 3
D/EGL_emulation( 2171): eglMakeCurrent: 0xb7c4f010: ver 3 0
E/eglCodecCommon( 2171): glUtilsParamSize: unknow param 0x00008cdf
E/eglCodecCommon( 2171): glUtilsParamSize: unknow param 0x00008824
I/dalvikvm( 2049): Could not find method android.content.Context.getDrawable, referenced from method px.a
W/dalvikvm( 2049): VFY: unable to resolve virtual method 2374: Landroid/content/Context;.getDrawable (I)Landroid/graphics/drawable/Drawable;
D/dalvikvm( 2049): VFY: replacing opcode 0x6e at 0x0006
I/dalvikvm( 2049): Could not find method android.content.Context.getColorStateList, referenced from method px.b
W/dalvikvm( 2049): VFY: unable to resolve virtual method 2371: Landroid/content/Context;.getColorStateList (I)Landroid/content/res/ColorStateList;
D/dalvikvm( 2049): VFY: replacing opcode 0x6e at 0x0006
I/dalvikvm( 2049): Could not find method android.content.Context.getColor, referenced from method px.c
W/dalvikvm( 2049): VFY: unable to resolve virtual method 2370: Landroid/content/Context;.getColor (I)I
D/dalvikvm( 2049): VFY: replacing opcode 0x6e at 0x0006
D/dalvikvm( 1578): GC_FOR_ALLOC freed 445K, 18% free 7290K/8844K, paused 16ms, total 17ms
I/dalvikvm-heap( 1578): Grow heap (frag case) to 7.414MB for 200604-byte allocation
D/dalvikvm( 1578): GC_FOR_ALLOC freed 7K, 18% free 7479K/9040K, paused 14ms, total 14ms
I/dalvikvm( 2171): Could not find method android.net.Network.openConnection, referenced from method nnr.a
W/dalvikvm( 2171): VFY: unable to resolve virtual method 4522: Landroid/net/Network;.openConnection (Ljava/net/URL;)Ljava/net/URLConnection;
D/dalvikvm( 2171): VFY: replacing opcode 0x6e at 0x0010
I/dalvikvm( 2171): Could not find method android.os.PowerManager.isInteractive, referenced from method krl.a
W/dalvikvm( 2171): VFY: unable to resolve virtual method 4948: Landroid/os/PowerManager;.isInteractive ()Z
D/dalvikvm( 2171): VFY: replacing opcode 0x6e at 0x0006
D/dalvikvm( 1704): GC_FOR_ALLOC freed 800K, 15% free 5520K/6484K, paused 34ms, total 34ms
I/Icing   ( 2049): Using regular flags by method 2
I/dalvikvm( 2049): Could not find method android.os.UserManager.getUserProfiles, referenced from method tmd.a
D/dalvikvm( 1704): DexOpt: couldn't find field Landroid/os/Message;.sendingUid
W/dalvikvm( 2049): VFY: unable to resolve virtual method 21336: Landroid/os/UserManager;.getUserProfiles ()Ljava/util/List;
D/dalvikvm( 2049): VFY: replacing opcode 0x6e at 0x003e
W/dalvikvm( 1704): VFY: unable to resolve instance field 11593
D/dalvikvm( 1704): VFY: replacing opcode 0x52 at 0x0002
I/CheckinUtil( 2049): Classify the device as Phone.
D/dalvikvm( 1819): GC_EXPLICIT freed 136K, 35% free 4083K/6212K, paused 1ms+1ms, total 8ms
D/dalvikvm( 2049): GC_FOR_ALLOC freed 577K, 27% free 5481K/7440K, paused 44ms, total 44ms
D/dalvikvm( 2171): GC_FOR_ALLOC freed 727K, 14% free 5424K/6264K, paused 39ms, total 39ms
D/dalvikvm( 2171): GC_FOR_ALLOC freed 234K, 16% free 5434K/6412K, paused 15ms, total 15ms
I/dalvikvm( 2171): Rejecting re-init on previously-failed class Lcom/google/ccc/abuse/droidguard/DroidGuard; v=0x0
W/dalvikvm( 2171): Class init failed in Constructor.constructNative (Lcom/google/ccc/abuse/droidguard/DroidGuard;)
E/DG      ( 2171): FSC error
E/DG      ( 2171): nqd: java.lang.NoClassDefFoundError: com/google/ccc/abuse/droidguard/DroidGuard
E/DG      ( 2171): 	at nqh.<init>(com.google.android.gms@12221030@12.2.21 (030-188803320):9)
E/DG      ( 2171): 	at nqh.<init>(com.google.android.gms@12221030@12.2.21 (030-188803320):4)
E/DG      ( 2171): 	at nqg.a(com.google.android.gms@12221030@12.2.21 (030-188803320):26)
E/DG      ( 2171): 	at com.google.android.gms.droidguard.DroidGuardChimeraService.onHandleIntent(com.google.android.gms@12221030@12.2.21 (030-188803320):25)
E/DG      ( 2171): 	at csq.handleMessage(com.google.android.gms@12221030@12.2.21 (030-188803320))
E/DG      ( 2171): 	at android.os.Handler.dispatchMessage(Handler.java:102)
E/DG      ( 2171): 	at android.os.Looper.loop(Looper.java:136)
E/DG      ( 2171): 	at android.os.HandlerThread.run(HandlerThread.java:61)
E/DG      ( 2171): Caused by: java.lang.NoClassDefFoundError: com/google/ccc/abuse/droidguard/DroidGuard
E/DG      ( 2171): 	at java.lang.reflect.Constructor.constructNative(Native Method)
E/DG      ( 2171): 	at java.lang.reflect.Constructor.newInstance(Constructor.java:423)
E/DG      ( 2171): 	at nqh.<init>(com.google.android.gms@12221030@12.2.21 (030-188803320):7)
E/DG      ( 2171): 	... 7 more
D/dalvikvm( 1578): GC_FOR_ALLOC freed 858K, 20% free 7233K/9040K, paused 11ms, total 14ms
D/dalvikvm( 1704): GC_FOR_ALLOC freed 911K, 17% free 5565K/6640K, paused 8ms, total 8ms
W/ActivityManager( 1578): Unable to start service Intent { act=com.google.android.gms.nearby.discovery:ACTION_INIT_MESSAGES_PATH cmp=com.google.android.gms/.nearby.discovery.service.DiscoveryService } U=0: not found
W/dalvikvm( 2049): VFY: unable to find class referenced in signature ([Landroid/net/ScoredNetwork;)
E/dalvikvm( 2049): Could not find class 'android.net.NetworkScoreManager', referenced from method xvg.a
W/dalvikvm( 2049): VFY: unable to resolve check-cast 5293 (Landroid/net/NetworkScoreManager;) in Lxvg;
D/dalvikvm( 2049): VFY: replacing opcode 0x1f at 0x0006
E/dalvikvm( 2049): Could not find class 'android.net.NetworkScoreManager', referenced from method xvg.c
W/dalvikvm( 2049): VFY: unable to resolve check-cast 5293 (Landroid/net/NetworkScoreManager;) in Lxvg;
D/dalvikvm( 2049): VFY: replacing opcode 0x1f at 0x0006
W/NetRec  ( 2049): [100] NetrecModuleInitIntentOperation.a: Device does not support scoring, exiting
E/dalvikvm( 2049): Could not find class 'android.app.job.JobScheduler', referenced from method wen.e
W/dalvikvm( 2049): VFY: unable to resolve check-cast 5088 (Landroid/app/job/JobScheduler;) in Lwen;
